Warnings in file D:\Alchitry\ColourCombinator\source\mojo_top.luc:
    Line 670, Column 28 : The signal "p.q[0]" is wider than "converterP1.value" and the most significant bits will be dropped
    Line 32, Column 4 : "edge_blue1" was never used
    Line 33, Column 4 : "edge_red1" was never used
    Line 34, Column 4 : "edge_yellow1" was never used
    Line 36, Column 4 : "edge_blue2" was never used
    Line 37, Column 4 : "edge_red2" was never used
    Line 38, Column 4 : "edge_yellow2" was never used
    Line 40, Column 4 : "edge_reset" was never used
    Line 303, Column 20 : The signal "r.q[0]" is wider than "io_led[2]" and the most significant bits will be dropped
    Line 304, Column 20 : The signal "r.q[1]" is wider than "io_led[1]" and the most significant bits will be dropped
    Line 306, Column 28 : The signal "r.q[0]" is wider than "converterP1.value" and the most significant bits will be dropped
    Line 307, Column 28 : The signal "r.q[1]" is wider than "converterP2.value" and the most significant bits will be dropped
    Line 484, Column 20 : The signal "r.q[0]" is wider than "io_led[2]" and the most significant bits will be dropped
    Line 485, Column 20 : The signal "r.q[1]" is wider than "io_led[1]" and the most significant bits will be dropped
    Line 487, Column 28 : The signal "r.q[0]" is wider than "converterP1.value" and the most significant bits will be dropped
    Line 488, Column 28 : The signal "r.q[1]" is wider than "converterP2.value" and the most significant bits will be dropped
    Line 504, Column 14 : The signal "rand.num" is wider than "t.d" and the most significant bits will be dropped
    Line 540, Column 20 : The signal "p.q[0]" is wider than "io_led[2]" and the most significant bits will be dropped
    Line 541, Column 20 : The signal "p.q[1]" is wider than "io_led[1]" and the most significant bits will be dropped
    Line 543, Column 28 : The signal "p.q[0]" is wider than "converterP1.value" and the most significant bits will be dropped
    Line 544, Column 28 : The signal "p.q[1]" is wider than "converterP2.value" and the most significant bits will be dropped
    Line 647, Column 14 : The signal "rand.num" is wider than "t.d" and the most significant bits will be dropped
    Line 668, Column 20 : The signal "p.q[0]" is wider than "io_led[2]" and the most significant bits will be dropped

****** PlanAhead v14.7
  **** Build 321239 by xbuild on Fri Sep 27 19:31:35 MDT 2013
    ** Copyright 1986-1999, 2001-2013 Xilinx, Inc. All Rights Reserved.

INFO: [Common 17-78] Attempting to get a license: PlanAhead
INFO: [Common 17-290] Got license for PlanAhead
INFO: [Device 21-36] Loading parts and site information from D:/Programs/Xilinx/14.7/ISE_DS/PlanAhead/data/parts/arch.xml
Parsing RTL primitives file [D:/Programs/Xilinx/14.7/ISE_DS/PlanAhead/data/parts/xilinx/rtl/prims/rtl_prims.xml]
Finished parsing RTL primitives file [D:/Programs/Xilinx/14.7/ISE_DS/PlanAhead/data/parts/xilinx/rtl/prims/rtl_prims.xml]
source {D:\Alchitry\ColourCombinator\work\project.tcl}
# set projDir "D:/Alchitry/ColourCombinator/work/planAhead"
# set projName "ColourCombinator"
# set topName top
# set device xc6slx9-2tqg144
# if {[file exists "$projDir/$projName"]} { file delete -force "$projDir/$projName" }
# create_project $projName "$projDir/$projName" -part $device
# set_property design_mode RTL [get_filesets sources_1]
# set verilogSources [list "D:/Alchitry/ColourCombinator/work/verilog/mojo_top_0.v" "D:/Alchitry/ColourCombinator/work/verilog/reset_conditioner_1.v" "D:/Alchitry/ColourCombinator/work/verilog/edge_detector_2.v" "D:/Alchitry/ColourCombinator/work/verilog/button_conditioner_3.v" "D:/Alchitry/ColourCombinator/work/verilog/multi_seven_seg_4.v" "D:/Alchitry/ColourCombinator/work/verilog/questionselector_5.v" "D:/Alchitry/ColourCombinator/work/verilog/pn_gen_6.v" "D:/Alchitry/ColourCombinator/work/verilog/aluCompiled_7.v" "D:/Alchitry/ColourCombinator/work/verilog/bin_to_dec_8.v" "D:/Alchitry/ColourCombinator/work/verilog/counter_9.v" "D:/Alchitry/ColourCombinator/work/verilog/decoder_10.v" "D:/Alchitry/ColourCombinator/work/verilog/pipeline_11.v" "D:/Alchitry/ColourCombinator/work/verilog/counter_12.v" "D:/Alchitry/ColourCombinator/work/verilog/seven_seg_13.v" "D:/Alchitry/ColourCombinator/work/verilog/decoder_14.v" "D:/Alchitry/ColourCombinator/work/verilog/adder16b_15.v" "D:/Alchitry/ColourCombinator/work/verilog/compare16b_16.v" "D:/Alchitry/ColourCombinator/work/verilog/boolean16b_17.v" "D:/Alchitry/ColourCombinator/work/verilog/shifter16b_18.v" ]
# import_files -fileset [get_filesets sources_1] -force -norecurse $verilogSources
# set ucfSources [list "D:/Alchitry/ColourCombinator/constraint/user.ucf" "C:/Program\ Files/Alchitry/Alchitry\ Labs/library/components/mojo.ucf" ]
# import_files -fileset [get_filesets constrs_1] -force -norecurse $ucfSources
# set_property -name {steps.bitgen.args.More Options} -value {-g Binary:Yes -g Compress} -objects [get_runs impl_1]
# set_property steps.map.args.mt on [get_runs impl_1]
# set_property steps.map.args.pr b [get_runs impl_1]
# set_property steps.par.args.mt on [get_runs impl_1]
# update_compile_order -fileset sources_1
# launch_runs -runs synth_1
[Wed Dec 04 02:30:33 2019] Launched synth_1...
Run output will be captured here: D:/Alchitry/ColourCombinator/work/planAhead/ColourCombinator/ColourCombinator.runs/synth_1/runme.log
# wait_on_run synth_1
[Wed Dec 04 02:30:33 2019] Waiting for synth_1 to finish...

*** Running xst
    with args -ifn "mojo_top_0.xst" -ofn "mojo_top_0.srp" -intstyle ise

Reading design: mojo_top_0.prj

=========================================================================
*                          HDL Parsing                                  *
=========================================================================
Analyzing Verilog file "D:/Alchitry/ColourCombinator/work/planAhead/ColourCombinator/ColourCombinator.srcs/sources_1/imports/verilog/shifter16b_18.v" into library work
Parsing module <shifter16b_18>.
Analyzing Verilog file "D:/Alchitry/ColourCombinator/work/planAhead/ColourCombinator/ColourCombinator.srcs/sources_1/imports/verilog/seven_seg_13.v" into library work
Parsing module <seven_seg_13>.
Analyzing Verilog file "D:/Alchitry/ColourCombinator/work/planAhead/ColourCombinator/ColourCombinator.srcs/sources_1/imports/verilog/pipeline_11.v" into library work
Parsing module <pipeline_11>.
Analyzing Verilog file "D:/Alchitry/ColourCombinator/work/planAhead/ColourCombinator/ColourCombinator.srcs/sources_1/imports/verilog/decoder_14.v" into library work
Parsing module <decoder_14>.
Analyzing Verilog file "D:/Alchitry/ColourCombinator/work/planAhead/ColourCombinator/ColourCombinator.srcs/sources_1/imports/verilog/counter_12.v" into library work
Parsing module <counter_12>.
Analyzing Verilog file "D:/Alchitry/ColourCombinator/work/planAhead/ColourCombinator/ColourCombinator.srcs/sources_1/imports/verilog/compare16b_16.v" into library work
Parsing module <compare16b_16>.
Analyzing Verilog file "D:/Alchitry/ColourCombinator/work/planAhead/ColourCombinator/ColourCombinator.srcs/sources_1/imports/verilog/boolean16b_17.v" into library work
Parsing module <boolean16b_17>.
Analyzing Verilog file "D:/Alchitry/ColourCombinator/work/planAhead/ColourCombinator/ColourCombinator.srcs/sources_1/imports/verilog/adder16b_15.v" into library work
Parsing module <adder16b_15>.
Analyzing Verilog file "D:/Alchitry/ColourCombinator/work/planAhead/ColourCombinator/ColourCombinator.srcs/sources_1/imports/verilog/reset_conditioner_1.v" into library work
Parsing module <reset_conditioner_1>.
Analyzing Verilog file "D:/Alchitry/ColourCombinator/work/planAhead/ColourCombinator/ColourCombinator.srcs/sources_1/imports/verilog/questionselector_5.v" into library work
Parsing module <questionselector_5>.
Analyzing Verilog file "D:/Alchitry/ColourCombinator/work/planAhead/ColourCombinator/ColourCombinator.srcs/sources_1/imports/verilog/pn_gen_6.v" into library work
Parsing module <pn_gen_6>.
Analyzing Verilog file "D:/Alchitry/ColourCombinator/work/planAhead/ColourCombinator/ColourCombinator.srcs/sources_1/imports/verilog/multi_seven_seg_4.v" into library work
Parsing module <multi_seven_seg_4>.
Analyzing Verilog file "D:/Alchitry/ColourCombinator/work/planAhead/ColourCombinator/ColourCombinator.srcs/sources_1/imports/verilog/edge_detector_2.v" into library work
Parsing module <edge_detector_2>.
Analyzing Verilog file "D:/Alchitry/ColourCombinator/work/planAhead/ColourCombinator/ColourCombinator.srcs/sources_1/imports/verilog/decoder_10.v" into library work
Parsing module <decoder_10>.
Analyzing Verilog file "D:/Alchitry/ColourCombinator/work/planAhead/ColourCombinator/ColourCombinator.srcs/sources_1/imports/verilog/counter_9.v" into library work
Parsing module <counter_9>.
Analyzing Verilog file "D:/Alchitry/ColourCombinator/work/planAhead/ColourCombinator/ColourCombinator.srcs/sources_1/imports/verilog/button_conditioner_3.v" into library work
Parsing module <button_conditioner_3>.
Analyzing Verilog file "D:/Alchitry/ColourCombinator/work/planAhead/ColourCombinator/ColourCombinator.srcs/sources_1/imports/verilog/bin_to_dec_8.v" into library work
Parsing module <bin_to_dec_8>.
Analyzing Verilog file "D:/Alchitry/ColourCombinator/work/planAhead/ColourCombinator/ColourCombinator.srcs/sources_1/imports/verilog/aluCompiled_7.v" into library work
Parsing module <aluCompiled_7>.
Analyzing Verilog file "D:/Alchitry/ColourCombinator/work/planAhead/ColourCombinator/ColourCombinator.srcs/sources_1/imports/verilog/mojo_top_0.v" into library work
Parsing module <mojo_top_0>.

=========================================================================
*                            HDL Elaboration                            *
=========================================================================

Elaborating module <mojo_top_0>.

Elaborating module <reset_conditioner_1>.

Elaborating module <edge_detector_2>.
WARNING:HDLCompiler:1127 - "D:/Alchitry/ColourCombinator/work/planAhead/ColourCombinator/ColourCombinator.srcs/sources_1/imports/verilog/mojo_top_0.v" Line 39: Assignment to M_edge_blue1_out ignored, since the identifier is never used
WARNING:HDLCompiler:1127 - "D:/Alchitry/ColourCombinator/work/planAhead/ColourCombinator/ColourCombinator.srcs/sources_1/imports/verilog/mojo_top_0.v" Line 46: Assignment to M_edge_red1_out ignored, since the identifier is never used
WARNING:HDLCompiler:1127 - "D:/Alchitry/ColourCombinator/work/planAhead/ColourCombinator/ColourCombinator.srcs/sources_1/imports/verilog/mojo_top_0.v" Line 53: Assignment to M_edge_yellow1_out ignored, since the identifier is never used
WARNING:HDLCompiler:1127 - "D:/Alchitry/ColourCombinator/work/planAhead/ColourCombinator/ColourCombinator.srcs/sources_1/imports/verilog/mojo_top_0.v" Line 60: Assignment to M_edge_blue2_out ignored, since the identifier is never used
WARNING:HDLCompiler:1127 - "D:/Alchitry/ColourCombinator/work/planAhead/ColourCombinator/ColourCombinator.srcs/sources_1/imports/verilog/mojo_top_0.v" Line 67: Assignment to M_edge_red2_out ignored, since the identifier is never used
WARNING:HDLCompiler:1127 - "D:/Alchitry/ColourCombinator/work/planAhead/ColourCombinator/ColourCombinator.srcs/sources_1/imports/verilog/mojo_top_0.v" Line 74: Assignment to M_edge_yellow2_out ignored, since the identifier is never used
WARNING:HDLCompiler:1127 - "D:/Alchitry/ColourCombinator/work/planAhead/ColourCombinator/ColourCombinator.srcs/sources_1/imports/verilog/mojo_top_0.v" Line 81: Assignment to M_edge_reset_out ignored, since the identifier is never used

Elaborating module <button_conditioner_3>.

Elaborating module <pipeline_11>.

Elaborating module <multi_seven_seg_4>.

Elaborating module <counter_12>.

Elaborating module <seven_seg_13>.

Elaborating module <decoder_14>.

Elaborating module <questionselector_5>.
WARNING:HDLCompiler:1127 - "D:/Alchitry/ColourCombinator/work/planAhead/ColourCombinator/ColourCombinator.srcs/sources_1/imports/verilog/mojo_top_0.v" Line 192: Assignment to M_duoSel2_redLED ignored, since the identifier is never used
WARNING:HDLCompiler:1127 - "D:/Alchitry/ColourCombinator/work/planAhead/ColourCombinator/ColourCombinator.srcs/sources_1/imports/verilog/mojo_top_0.v" Line 193: Assignment to M_duoSel2_blueLED ignored, since the identifier is never used
WARNING:HDLCompiler:1127 - "D:/Alchitry/ColourCombinator/work/planAhead/ColourCombinator/ColourCombinator.srcs/sources_1/imports/verilog/mojo_top_0.v" Line 194: Assignment to M_duoSel2_yellowLED ignored, since the identifier is never used
WARNING:HDLCompiler:1127 - "D:/Alchitry/ColourCombinator/work/planAhead/ColourCombinator/ColourCombinator.srcs/sources_1/imports/verilog/mojo_top_0.v" Line 195: Assignment to M_duoSel2_orangeLED ignored, since the identifier is never used
WARNING:HDLCompiler:1127 - "D:/Alchitry/ColourCombinator/work/planAhead/ColourCombinator/ColourCombinator.srcs/sources_1/imports/verilog/mojo_top_0.v" Line 196: Assignment to M_duoSel2_purpleLED ignored, since the identifier is never used
WARNING:HDLCompiler:1127 - "D:/Alchitry/ColourCombinator/work/planAhead/ColourCombinator/ColourCombinator.srcs/sources_1/imports/verilog/mojo_top_0.v" Line 197: Assignment to M_duoSel2_greenLED ignored, since the identifier is never used
WARNING:HDLCompiler:1127 - "D:/Alchitry/ColourCombinator/work/planAhead/ColourCombinator/ColourCombinator.srcs/sources_1/imports/verilog/mojo_top_0.v" Line 198: Assignment to M_duoSel2_whiteLED ignored, since the identifier is never used

Elaborating module <pn_gen_6>.

Elaborating module <aluCompiled_7>.

Elaborating module <adder16b_15>.

Elaborating module <compare16b_16>.

Elaborating module <boolean16b_17>.

Elaborating module <shifter16b_18>.
WARNING:HDLCompiler:1127 - "D:/Alchitry/ColourCombinator/work/planAhead/ColourCombinator/ColourCombinator.srcs/sources_1/imports/verilog/mojo_top_0.v" Line 290: Assignment to M_alumodule_z ignored, since the identifier is never used
WARNING:HDLCompiler:1127 - "D:/Alchitry/ColourCombinator/work/planAhead/ColourCombinator/ColourCombinator.srcs/sources_1/imports/verilog/mojo_top_0.v" Line 291: Assignment to M_alumodule_v ignored, since the identifier is never used
WARNING:HDLCompiler:1127 - "D:/Alchitry/ColourCombinator/work/planAhead/ColourCombinator/ColourCombinator.srcs/sources_1/imports/verilog/mojo_top_0.v" Line 292: Assignment to M_alumodule_n ignored, since the identifier is never used

Elaborating module <bin_to_dec_8>.
WARNING:HDLCompiler:413 - "D:/Alchitry/ColourCombinator/work/planAhead/ColourCombinator/ColourCombinator.srcs/sources_1/imports/verilog/bin_to_dec_8.v" Line 39: Result of 64-bit expression is truncated to fit in 32-bit target.
WARNING:HDLCompiler:413 - "D:/Alchitry/ColourCombinator/work/planAhead/ColourCombinator/ColourCombinator.srcs/sources_1/imports/verilog/bin_to_dec_8.v" Line 51: Result of 5-bit expression is truncated to fit in 4-bit target.
WARNING:HDLCompiler:413 - "D:/Alchitry/ColourCombinator/work/planAhead/ColourCombinator/ColourCombinator.srcs/sources_1/imports/verilog/bin_to_dec_8.v" Line 52: Result of 11-bit expression is truncated to fit in 10-bit target.

Elaborating module <counter_9>.

Elaborating module <decoder_10>.
WARNING:HDLCompiler:413 - "D:/Alchitry/ColourCombinator/work/planAhead/ColourCombinator/ColourCombinator.srcs/sources_1/imports/verilog/mojo_top_0.v" Line 433: Result of 16-bit expression is truncated to fit in 8-bit target.
WARNING:HDLCompiler:413 - "D:/Alchitry/ColourCombinator/work/planAhead/ColourCombinator/ColourCombinator.srcs/sources_1/imports/verilog/mojo_top_0.v" Line 434: Result of 16-bit expression is truncated to fit in 8-bit target.
WARNING:HDLCompiler:413 - "D:/Alchitry/ColourCombinator/work/planAhead/ColourCombinator/ColourCombinator.srcs/sources_1/imports/verilog/mojo_top_0.v" Line 435: Result of 16-bit expression is truncated to fit in 10-bit target.
WARNING:HDLCompiler:413 - "D:/Alchitry/ColourCombinator/work/planAhead/ColourCombinator/ColourCombinator.srcs/sources_1/imports/verilog/mojo_top_0.v" Line 436: Result of 16-bit expression is truncated to fit in 10-bit target.
WARNING:HDLCompiler:413 - "D:/Alchitry/ColourCombinator/work/planAhead/ColourCombinator/ColourCombinator.srcs/sources_1/imports/verilog/mojo_top_0.v" Line 559: Result of 16-bit expression is truncated to fit in 8-bit target.
WARNING:HDLCompiler:413 - "D:/Alchitry/ColourCombinator/work/planAhead/ColourCombinator/ColourCombinator.srcs/sources_1/imports/verilog/mojo_top_0.v" Line 560: Result of 16-bit expression is truncated to fit in 8-bit target.
WARNING:HDLCompiler:413 - "D:/Alchitry/ColourCombinator/work/planAhead/ColourCombinator/ColourCombinator.srcs/sources_1/imports/verilog/mojo_top_0.v" Line 561: Result of 16-bit expression is truncated to fit in 10-bit target.
WARNING:HDLCompiler:413 - "D:/Alchitry/ColourCombinator/work/planAhead/ColourCombinator/ColourCombinator.srcs/sources_1/imports/verilog/mojo_top_0.v" Line 562: Result of 16-bit expression is truncated to fit in 10-bit target.
WARNING:HDLCompiler:413 - "D:/Alchitry/ColourCombinator/work/planAhead/ColourCombinator/ColourCombinator.srcs/sources_1/imports/verilog/mojo_top_0.v" Line 574: Result of 32-bit expression is truncated to fit in 3-bit target.
WARNING:HDLCompiler:413 - "D:/Alchitry/ColourCombinator/work/planAhead/ColourCombinator/ColourCombinator.srcs/sources_1/imports/verilog/mojo_top_0.v" Line 597: Result of 16-bit expression is truncated to fit in 8-bit target.
WARNING:HDLCompiler:413 - "D:/Alchitry/ColourCombinator/work/planAhead/ColourCombinator/ColourCombinator.srcs/sources_1/imports/verilog/mojo_top_0.v" Line 598: Result of 16-bit expression is truncated to fit in 8-bit target.
WARNING:HDLCompiler:413 - "D:/Alchitry/ColourCombinator/work/planAhead/ColourCombinator/ColourCombinator.srcs/sources_1/imports/verilog/mojo_top_0.v" Line 599: Result of 16-bit expression is truncated to fit in 10-bit target.
WARNING:HDLCompiler:413 - "D:/Alchitry/ColourCombinator/work/planAhead/ColourCombinator/ColourCombinator.srcs/sources_1/imports/verilog/mojo_top_0.v" Line 600: Result of 16-bit expression is truncated to fit in 10-bit target.
WARNING:HDLCompiler:413 - "D:/Alchitry/ColourCombinator/work/planAhead/ColourCombinator/ColourCombinator.srcs/sources_1/imports/verilog/mojo_top_0.v" Line 676: Result of 32-bit expression is truncated to fit in 3-bit target.
WARNING:HDLCompiler:413 - "D:/Alchitry/ColourCombinator/work/planAhead/ColourCombinator/ColourCombinator.srcs/sources_1/imports/verilog/mojo_top_0.v" Line 691: Result of 16-bit expression is truncated to fit in 8-bit target.
WARNING:HDLCompiler:413 - "D:/Alchitry/ColourCombinator/work/planAhead/ColourCombinator/ColourCombinator.srcs/sources_1/imports/verilog/mojo_top_0.v" Line 692: Result of 16-bit expression is truncated to fit in 10-bit target.
WARNING:HDLCompiler:1127 - "D:/Alchitry/ColourCombinator/work/planAhead/ColourCombinator/ColourCombinator.srcs/sources_1/imports/verilog/mojo_top_0.v" Line 322: Assignment to alu ignored, since the identifier is never used
WARNING:Xst:2972 - "D:/Alchitry/ColourCombinator/work/planAhead/ColourCombinator/ColourCombinator.srcs/sources_1/imports/verilog/mojo_top_0.v" line 36. All outputs of instance <edge_blue1> of block <edge_detector_2> are unconnected in block <mojo_top_0>. Underlying logic will be removed.
WARNING:Xst:2972 - "D:/Alchitry/ColourCombinator/work/planAhead/ColourCombinator/ColourCombinator.srcs/sources_1/imports/verilog/mojo_top_0.v" line 43. All outputs of instance <edge_red1> of block <edge_detector_2> are unconnected in block <mojo_top_0>. Underlying logic will be removed.
WARNING:Xst:2972 - "D:/Alchitry/ColourCombinator/work/planAhead/ColourCombinator/ColourCombinator.srcs/sources_1/imports/verilog/mojo_top_0.v" line 50. All outputs of instance <edge_yellow1> of block <edge_detector_2> are unconnected in block <mojo_top_0>. Underlying logic will be removed.
WARNING:Xst:2972 - "D:/Alchitry/ColourCombinator/work/planAhead/ColourCombinator/ColourCombinator.srcs/sources_1/imports/verilog/mojo_top_0.v" line 57. All outputs of instance <edge_blue2> of block <edge_detector_2> are unconnected in block <mojo_top_0>. Underlying logic will be removed.
WARNING:Xst:2972 - "D:/Alchitry/ColourCombinator/work/planAhead/ColourCombinator/ColourCombinator.srcs/sources_1/imports/verilog/mojo_top_0.v" line 64. All outputs of instance <edge_red2> of block <edge_detector_2> are unconnected in block <mojo_top_0>. Underlying logic will be removed.
WARNING:Xst:2972 - "D:/Alchitry/ColourCombinator/work/planAhead/ColourCombinator/ColourCombinator.srcs/sources_1/imports/verilog/mojo_top_0.v" line 71. All outputs of instance <edge_yellow2> of block <edge_detector_2> are unconnected in block <mojo_top_0>. Underlying logic will be removed.
WARNING:Xst:2972 - "D:/Alchitry/ColourCombinator/work/planAhead/ColourCombinator/ColourCombinator.srcs/sources_1/imports/verilog/mojo_top_0.v" line 78. All outputs of instance <edge_reset> of block <edge_detector_2> are unconnected in block <mojo_top_0>. Underlying logic will be removed.
WARNING:Xst:2972 - "D:/Alchitry/ColourCombinator/work/planAhead/ColourCombinator/ColourCombinator.srcs/sources_1/imports/verilog/mojo_top_0.v" line 85. All outputs of instance <button_reset> of block <button_conditioner_3> are unconnected in block <mojo_top_0>. Underlying logic will be removed.
WARNING:Xst:2972 - "D:/Alchitry/ColourCombinator/work/planAhead/ColourCombinator/ColourCombinator.srcs/sources_1/imports/verilog/mojo_top_0.v" line 92. All outputs of instance <button_blue1> of block <button_conditioner_3> are unconnected in block <mojo_top_0>. Underlying logic will be removed.
WARNING:Xst:2972 - "D:/Alchitry/ColourCombinator/work/planAhead/ColourCombinator/ColourCombinator.srcs/sources_1/imports/verilog/mojo_top_0.v" line 99. All outputs of instance <button_red1> of block <button_conditioner_3> are unconnected in block <mojo_top_0>. Underlying logic will be removed.
WARNING:Xst:2972 - "D:/Alchitry/ColourCombinator/work/planAhead/ColourCombinator/ColourCombinator.srcs/sources_1/imports/verilog/mojo_top_0.v" line 106. All outputs of instance <button_yellow1> of block <button_conditioner_3> are unconnected in block <mojo_top_0>. Underlying logic will be removed.
WARNING:Xst:2972 - "D:/Alchitry/ColourCombinator/work/planAhead/ColourCombinator/ColourCombinator.srcs/sources_1/imports/verilog/mojo_top_0.v" line 113. All outputs of instance <button_blue2> of block <button_conditioner_3> are unconnected in block <mojo_top_0>. Underlying logic will be removed.
WARNING:Xst:2972 - "D:/Alchitry/ColourCombinator/work/planAhead/ColourCombinator/ColourCombinator.srcs/sources_1/imports/verilog/mojo_top_0.v" line 120. All outputs of instance <button_red2> of block <button_conditioner_3> are unconnected in block <mojo_top_0>. Underlying logic will be removed.
WARNING:Xst:2972 - "D:/Alchitry/ColourCombinator/work/planAhead/ColourCombinator/ColourCombinator.srcs/sources_1/imports/verilog/mojo_top_0.v" line 127. All outputs of instance <button_yellow2> of block <button_conditioner_3> are unconnected in block <mojo_top_0>. Underlying logic will be removed.

=========================================================================
*                           HDL Synthesis                               *
=========================================================================

Synthesizing Unit <mojo_top_0>.
    Related source file is "D:/Alchitry/ColourCombinator/work/planAhead/ColourCombinator/ColourCombinator.srcs/sources_1/imports/verilog/mojo_top_0.v".
WARNING:Xst:647 - Input <io_button<0:0>> is never used. This port will be preserved and left unconnected if it belongs to a top-level block or it belongs to a sub-block and the hierarchy of this sub-block is preserved.
WARNING:Xst:647 - Input <io_button<2:2>> is never used. This port will be preserved and left unconnected if it belongs to a top-level block or it belongs to a sub-block and the hierarchy of this sub-block is preserved.
WARNING:Xst:647 - Input <io_dip<7:0>> is never used. This port will be preserved and left unconnected if it belongs to a top-level block or it belongs to a sub-block and the hierarchy of this sub-block is preserved.
WARNING:Xst:647 - Input <io_dip<15:11>> is never used. This port will be preserved and left unconnected if it belongs to a top-level block or it belongs to a sub-block and the hierarchy of this sub-block is preserved.
WARNING:Xst:647 - Input <io_dip<23:19>> is never used. This port will be preserved and left unconnected if it belongs to a top-level block or it belongs to a sub-block and the hierarchy of this sub-block is preserved.
INFO:Xst:3210 - "D:/Alchitry/ColourCombinator/work/planAhead/ColourCombinator/ColourCombinator.srcs/sources_1/imports/verilog/mojo_top_0.v" line 36: Output port <out> of the instance <edge_blue1> is unconnected or connected to loadless signal.
INFO:Xst:3210 - "D:/Alchitry/ColourCombinator/work/planAhead/ColourCombinator/ColourCombinator.srcs/sources_1/imports/verilog/mojo_top_0.v" line 43: Output port <out> of the instance <edge_red1> is unconnected or connected to loadless signal.
INFO:Xst:3210 - "D:/Alchitry/ColourCombinator/work/planAhead/ColourCombinator/ColourCombinator.srcs/sources_1/imports/verilog/mojo_top_0.v" line 50: Output port <out> of the instance <edge_yellow1> is unconnected or connected to loadless signal.
INFO:Xst:3210 - "D:/Alchitry/ColourCombinator/work/planAhead/ColourCombinator/ColourCombinator.srcs/sources_1/imports/verilog/mojo_top_0.v" line 57: Output port <out> of the instance <edge_blue2> is unconnected or connected to loadless signal.
INFO:Xst:3210 - "D:/Alchitry/ColourCombinator/work/planAhead/ColourCombinator/ColourCombinator.srcs/sources_1/imports/verilog/mojo_top_0.v" line 64: Output port <out> of the instance <edge_red2> is unconnected or connected to loadless signal.
INFO:Xst:3210 - "D:/Alchitry/ColourCombinator/work/planAhead/ColourCombinator/ColourCombinator.srcs/sources_1/imports/verilog/mojo_top_0.v" line 71: Output port <out> of the instance <edge_yellow2> is unconnected or connected to loadless signal.
INFO:Xst:3210 - "D:/Alchitry/ColourCombinator/work/planAhead/ColourCombinator/ColourCombinator.srcs/sources_1/imports/verilog/mojo_top_0.v" line 78: Output port <out> of the instance <edge_reset> is unconnected or connected to loadless signal.
INFO:Xst:3210 - "D:/Alchitry/ColourCombinator/work/planAhead/ColourCombinator/ColourCombinator.srcs/sources_1/imports/verilog/mojo_top_0.v" line 186: Output port <redLED> of the instance <duoSel2> is unconnected or connected to loadless signal.
INFO:Xst:3210 - "D:/Alchitry/ColourCombinator/work/planAhead/ColourCombinator/ColourCombinator.srcs/sources_1/imports/verilog/mojo_top_0.v" line 186: Output port <blueLED> of the instance <duoSel2> is unconnected or connected to loadless signal.
INFO:Xst:3210 - "D:/Alchitry/ColourCombinator/work/planAhead/ColourCombinator/ColourCombinator.srcs/sources_1/imports/verilog/mojo_top_0.v" line 186: Output port <yellowLED> of the instance <duoSel2> is unconnected or connected to loadless signal.
INFO:Xst:3210 - "D:/Alchitry/ColourCombinator/work/planAhead/ColourCombinator/ColourCombinator.srcs/sources_1/imports/verilog/mojo_top_0.v" line 186: Output port <orangeLED> of the instance <duoSel2> is unconnected or connected to loadless signal.
INFO:Xst:3210 - "D:/Alchitry/ColourCombinator/work/planAhead/ColourCombinator/ColourCombinator.srcs/sources_1/imports/verilog/mojo_top_0.v" line 186: Output port <purpleLED> of the instance <duoSel2> is unconnected or connected to loadless signal.
INFO:Xst:3210 - "D:/Alchitry/ColourCombinator/work/planAhead/ColourCombinator/ColourCombinator.srcs/sources_1/imports/verilog/mojo_top_0.v" line 186: Output port <greenLED> of the instance <duoSel2> is unconnected or connected to loadless signal.
INFO:Xst:3210 - "D:/Alchitry/ColourCombinator/work/planAhead/ColourCombinator/ColourCombinator.srcs/sources_1/imports/verilog/mojo_top_0.v" line 186: Output port <whiteLED> of the instance <duoSel2> is unconnected or connected to loadless signal.
INFO:Xst:3210 - "D:/Alchitry/ColourCombinator/work/planAhead/ColourCombinator/ColourCombinator.srcs/sources_1/imports/verilog/mojo_top_0.v" line 285: Output port <z> of the instance <alumodule> is unconnected or connected to loadless signal.
INFO:Xst:3210 - "D:/Alchitry/ColourCombinator/work/planAhead/ColourCombinator/ColourCombinator.srcs/sources_1/imports/verilog/mojo_top_0.v" line 285: Output port <v> of the instance <alumodule> is unconnected or connected to loadless signal.
INFO:Xst:3210 - "D:/Alchitry/ColourCombinator/work/planAhead/ColourCombinator/ColourCombinator.srcs/sources_1/imports/verilog/mojo_top_0.v" line 285: Output port <n> of the instance <alumodule> is unconnected or connected to loadless signal.
    Found 128-bit register for signal <M_r_q>.
    Found 3-bit register for signal <M_t_q>.
    Found 8-bit register for signal <M_duoqc_q>.
    Found 3-bit register for signal <M_duoqnschoice_q>.
    Found 32-bit register for signal <M_duoseed_q>.
    Found 30-bit register for signal <M_solocounter_q>.
    Found 64-bit register for signal <M_p_q>.
    Found 8-bit register for signal <M_soloqc_q>.
    Found 3-bit register for signal <M_soloqnschoice_q>.
    Found 5-bit register for signal <M_state_q>.
    Found 30-bit register for signal <M_duocounter_q>.
    Found finite state machine <FSM_0> for signal <M_state_q>.
    -----------------------------------------------------------------------
    | States             | 21                                             |
    | Transitions        | 52                                             |
    | Inputs             | 15                                             |
    | Outputs            | 8                                              |
    | Clock              | clk (rising_edge)                              |
    | Reset              | M_reset_cond_out (positive)                    |
    | Reset type         | synchronous                                    |
    | Reset State        | 00000                                          |
    | Power Up State     | 00000                                          |
    | Encoding           | auto                                           |
    | Implementation     | LUT                                            |
    -----------------------------------------------------------------------
    Found 30-bit adder for signal <M_solocounter_q[29]_GND_1_o_add_2_OUT> created at line 380.
    Found 8-bit adder for signal <M_duoqc_q[7]_GND_1_o_add_59_OUT> created at line 553.
    Found 30-bit adder for signal <M_duocounter_q[29]_GND_1_o_add_72_OUT> created at line 572.
    Found 8-bit adder for signal <M_soloqc_q[7]_GND_1_o_add_114_OUT> created at line 669.
    Found 32-bit adder for signal <M_duoseed_d> created at line 696.
    Found 1-bit tristate buffer for signal <spi_miso> created at line 322
    Found 1-bit tristate buffer for signal <spi_channel<3>> created at line 322
    Found 1-bit tristate buffer for signal <spi_channel<2>> created at line 322
    Found 1-bit tristate buffer for signal <spi_channel<1>> created at line 322
    Found 1-bit tristate buffer for signal <spi_channel<0>> created at line 322
    Found 1-bit tristate buffer for signal <avr_rx> created at line 322
    Summary:
	inferred   5 Adder/Subtractor(s).
	inferred 309 D-type flip-flop(s).
	inferred  98 Multiplexer(s).
	inferred   6 Tristate(s).
	inferred   1 Finite State Machine(s).
Unit <mojo_top_0> synthesized.

Synthesizing Unit <reset_conditioner_1>.
    Related source file is "D:/Alchitry/ColourCombinator/work/planAhead/ColourCombinator/ColourCombinator.srcs/sources_1/imports/verilog/reset_conditioner_1.v".
    Found 4-bit register for signal <M_stage_q>.
    Summary:
	inferred   4 D-type flip-flop(s).
Unit <reset_conditioner_1> synthesized.

Synthesizing Unit <pipeline_11>.
    Related source file is "D:/Alchitry/ColourCombinator/work/planAhead/ColourCombinator/ColourCombinator.srcs/sources_1/imports/verilog/pipeline_11.v".
    Found 1-bit register for signal <M_pipe_q<1>>.
    Found 1-bit register for signal <M_pipe_q<0>>.
    Summary:
	inferred   2 D-type flip-flop(s).
Unit <pipeline_11> synthesized.

Synthesizing Unit <multi_seven_seg_4>.
    Related source file is "D:/Alchitry/ColourCombinator/work/planAhead/ColourCombinator/ColourCombinator.srcs/sources_1/imports/verilog/multi_seven_seg_4.v".
    Found 4-bit adder for signal <M_ctr_value[1]_GND_6_o_add_0_OUT> created at line 48.
    Found 31-bit shifter logical right for signal <n0010> created at line 48
    Summary:
	inferred   1 Adder/Subtractor(s).
	inferred   1 Combinational logic shifter(s).
Unit <multi_seven_seg_4> synthesized.

Synthesizing Unit <counter_12>.
    Related source file is "D:/Alchitry/ColourCombinator/work/planAhead/ColourCombinator/ColourCombinator.srcs/sources_1/imports/verilog/counter_12.v".
    Found 10-bit register for signal <M_ctr_q>.
    Found 10-bit adder for signal <M_ctr_q[9]_GND_7_o_add_0_OUT> created at line 35.
    Summary:
	inferred   1 Adder/Subtractor(s).
	inferred  10 D-type flip-flop(s).
	inferred   1 Multiplexer(s).
Unit <counter_12> synthesized.

Synthesizing Unit <seven_seg_13>.
    Related source file is "D:/Alchitry/ColourCombinator/work/planAhead/ColourCombinator/ColourCombinator.srcs/sources_1/imports/verilog/seven_seg_13.v".
    Found 16x7-bit Read Only RAM for signal <segs>
    Summary:
	inferred   1 RAM(s).
Unit <seven_seg_13> synthesized.

Synthesizing Unit <decoder_14>.
    Related source file is "D:/Alchitry/ColourCombinator/work/planAhead/ColourCombinator/ColourCombinator.srcs/sources_1/imports/verilog/decoder_14.v".
    Summary:
	no macro.
Unit <decoder_14> synthesized.

Synthesizing Unit <questionselector_5>.
    Related source file is "D:/Alchitry/ColourCombinator/work/planAhead/ColourCombinator/ColourCombinator.srcs/sources_1/imports/verilog/questionselector_5.v".
    Found 1-bit register for signal <M_white_q>.
    Found 1-bit register for signal <M_red_q>.
    Found 1-bit register for signal <M_blue_q>.
    Found 1-bit register for signal <M_green_q>.
    Found 1-bit register for signal <M_orange_q>.
    Found 1-bit register for signal <M_yellow_q>.
    Found 1-bit register for signal <M_purple_q>.
    Found 4x1-bit Read Only RAM for signal <redLED>
    Found 4x1-bit Read Only RAM for signal <blueLED>
    Found 4x1-bit Read Only RAM for signal <yellowLED>
    Found 8x4-bit Read Only RAM for signal <_n0033>
    Found 1-bit 8-to-1 multiplexer for signal <ans> created at line 48.
    Summary:
	inferred   4 RAM(s).
	inferred   7 D-type flip-flop(s).
	inferred   1 Multiplexer(s).
Unit <questionselector_5> synthesized.

Synthesizing Unit <pn_gen_6>.
    Related source file is "D:/Alchitry/ColourCombinator/work/planAhead/ColourCombinator/ColourCombinator.srcs/sources_1/imports/verilog/pn_gen_6.v".
    Found 32-bit register for signal <M_y_q>.
    Found 32-bit register for signal <M_z_q>.
    Found 32-bit register for signal <M_w_q>.
    Found 32-bit register for signal <M_x_q>.
    Summary:
	inferred 128 D-type flip-flop(s).
	inferred   4 Multiplexer(s).
Unit <pn_gen_6> synthesized.

Synthesizing Unit <aluCompiled_7>.
    Related source file is "D:/Alchitry/ColourCombinator/work/planAhead/ColourCombinator/ColourCombinator.srcs/sources_1/imports/verilog/aluCompiled_7.v".
    Found 16-bit 4-to-1 multiplexer for signal <alu> created at line 86.
    Summary:
	inferred   1 Multiplexer(s).
Unit <aluCompiled_7> synthesized.

Synthesizing Unit <adder16b_15>.
    Related source file is "D:/Alchitry/ColourCombinator/work/planAhead/ColourCombinator/ColourCombinator.srcs/sources_1/imports/verilog/adder16b_15.v".
WARNING:Xst:647 - Input <alufn<5:2>> is never used. This port will be preserved and left unconnected if it belongs to a top-level block or it belongs to a sub-block and the hierarchy of this sub-block is preserved.
    Found 16-bit subtractor for signal <subber> created at line 34.
    Found 16-bit adder for signal <a[15]_b[15]_add_0_OUT> created at line 29.
    Found 16x16-bit multiplier for signal <n0041> created at line 39.
    Found 16-bit 4-to-1 multiplexer for signal <adder> created at line 27.
    Found 1-bit 4-to-1 multiplexer for signal <overflow> created at line 27.
    Summary:
	inferred   1 Multiplier(s).
	inferred   2 Adder/Subtractor(s).
	inferred   2 Multiplexer(s).
Unit <adder16b_15> synthesized.

Synthesizing Unit <div_16u_16u>.
    Related source file is "".
    Found 32-bit adder for signal <n0956> created at line 0.
    Found 32-bit adder for signal <GND_15_o_b[15]_add_1_OUT> created at line 0.
    Found 31-bit adder for signal <n0960> created at line 0.
    Found 31-bit adder for signal <GND_15_o_b[15]_add_3_OUT> created at line 0.
    Found 30-bit adder for signal <n0964> created at line 0.
    Found 30-bit adder for signal <GND_15_o_b[15]_add_5_OUT> created at line 0.
    Found 29-bit adder for signal <n0968> created at line 0.
    Found 29-bit adder for signal <GND_15_o_b[15]_add_7_OUT> created at line 0.
    Found 28-bit adder for signal <n0972> created at line 0.
    Found 28-bit adder for signal <GND_15_o_b[15]_add_9_OUT> created at line 0.
    Found 27-bit adder for signal <n0976> created at line 0.
    Found 27-bit adder for signal <GND_15_o_b[15]_add_11_OUT> created at line 0.
    Found 26-bit adder for signal <n0980> created at line 0.
    Found 26-bit adder for signal <GND_15_o_b[15]_add_13_OUT> created at line 0.
    Found 25-bit adder for signal <n0984> created at line 0.
    Found 25-bit adder for signal <GND_15_o_b[15]_add_15_OUT> created at line 0.
    Found 24-bit adder for signal <n0988> created at line 0.
    Found 24-bit adder for signal <GND_15_o_b[15]_add_17_OUT> created at line 0.
    Found 23-bit adder for signal <n0992> created at line 0.
    Found 23-bit adder for signal <GND_15_o_b[15]_add_19_OUT> created at line 0.
    Found 22-bit adder for signal <n0996> created at line 0.
    Found 22-bit adder for signal <GND_15_o_b[15]_add_21_OUT> created at line 0.
    Found 21-bit adder for signal <n1000> created at line 0.
    Found 21-bit adder for signal <GND_15_o_b[15]_add_23_OUT> created at line 0.
    Found 20-bit adder for signal <n1004> created at line 0.
    Found 20-bit adder for signal <GND_15_o_b[15]_add_25_OUT> created at line 0.
    Found 19-bit adder for signal <n1008> created at line 0.
    Found 19-bit adder for signal <GND_15_o_b[15]_add_27_OUT> created at line 0.
    Found 18-bit adder for signal <n1012> created at line 0.
    Found 18-bit adder for signal <GND_15_o_b[15]_add_29_OUT> created at line 0.
    Found 17-bit adder for signal <n1016> created at line 0.
    Found 17-bit adder for signal <GND_15_o_b[15]_add_31_OUT> created at line 0.
    Found 32-bit comparator lessequal for signal <BUS_0001> created at line 0
    Found 31-bit comparator lessequal for signal <BUS_0002> created at line 0
    Found 30-bit comparator lessequal for signal <BUS_0003> created at line 0
    Found 29-bit comparator lessequal for signal <BUS_0004> created at line 0
    Found 28-bit comparator lessequal for signal <BUS_0005> created at line 0
    Found 27-bit comparator lessequal for signal <BUS_0006> created at line 0
    Found 26-bit comparator lessequal for signal <BUS_0007> created at line 0
    Found 25-bit comparator lessequal for signal <BUS_0008> created at line 0
    Found 24-bit comparator lessequal for signal <BUS_0009> created at line 0
    Found 23-bit comparator lessequal for signal <BUS_0010> created at line 0
    Found 22-bit comparator lessequal for signal <BUS_0011> created at line 0
    Found 21-bit comparator lessequal for signal <BUS_0012> created at line 0
    Found 20-bit comparator lessequal for signal <BUS_0013> created at line 0
    Found 19-bit comparator lessequal for signal <BUS_0014> created at line 0
    Found 18-bit comparator lessequal for signal <BUS_0015> created at line 0
    Found 17-bit comparator lessequal for signal <BUS_0016> created at line 0
    Found 16-bit comparator lessequal for signal <BUS_0017> created at line 0
    Summary:
	inferred  32 Adder/Subtractor(s).
	inferred  17 Comparator(s).
	inferred 241 Multiplexer(s).
Unit <div_16u_16u> synthesized.

Synthesizing Unit <compare16b_16>.
    Related source file is "D:/Alchitry/ColourCombinator/work/planAhead/ColourCombinator/ColourCombinator.srcs/sources_1/imports/verilog/compare16b_16.v".
WARNING:Xst:647 - Input <alufn<0:0>> is never used. This port will be preserved and left unconnected if it belongs to a top-level block or it belongs to a sub-block and the hierarchy of this sub-block is preserved.
WARNING:Xst:647 - Input <alufn<5:3>> is never used. This port will be preserved and left unconnected if it belongs to a top-level block or it belongs to a sub-block and the hierarchy of this sub-block is preserved.
    Found 16-bit 4-to-1 multiplexer for signal <cmp> created at line 20.
    Summary:
	inferred   1 Multiplexer(s).
Unit <compare16b_16> synthesized.

Synthesizing Unit <boolean16b_17>.
    Related source file is "D:/Alchitry/ColourCombinator/work/planAhead/ColourCombinator/ColourCombinator.srcs/sources_1/imports/verilog/boolean16b_17.v".
WARNING:Xst:647 - Input <alufn<5:4>> is never used. This port will be preserved and left unconnected if it belongs to a top-level block or it belongs to a sub-block and the hierarchy of this sub-block is preserved.
    Found 3-bit adder for signal <n0278[2:0]> created at line 23.
    Found 3-bit adder for signal <n0281[2:0]> created at line 23.
    Found 3-bit adder for signal <n0284[2:0]> created at line 23.
    Found 3-bit adder for signal <n0287[2:0]> created at line 23.
    Found 3-bit adder for signal <n0290[2:0]> created at line 23.
    Found 3-bit adder for signal <n0293[2:0]> created at line 23.
    Found 3-bit adder for signal <n0296[2:0]> created at line 23.
    Found 3-bit adder for signal <n0299[2:0]> created at line 23.
    Found 3-bit adder for signal <n0302[2:0]> created at line 23.
    Found 3-bit adder for signal <n0305[2:0]> created at line 23.
    Found 3-bit adder for signal <n0308[2:0]> created at line 23.
    Found 3-bit adder for signal <n0311[2:0]> created at line 23.
    Found 3-bit adder for signal <n0314[2:0]> created at line 23.
    Found 3-bit adder for signal <n0317[2:0]> created at line 23.
    Found 3-bit adder for signal <n0320[2:0]> created at line 23.
    Found 3-bit adder for signal <n0323[2:0]> created at line 23.
    Found 1-bit 4-to-1 multiplexer for signal <_n0537> created at line 11.
    Found 1-bit 4-to-1 multiplexer for signal <_n0544> created at line 11.
    Found 1-bit 4-to-1 multiplexer for signal <_n0551> created at line 11.
    Found 1-bit 4-to-1 multiplexer for signal <_n0558> created at line 11.
    Found 1-bit 4-to-1 multiplexer for signal <_n0565> created at line 11.
    Found 1-bit 4-to-1 multiplexer for signal <_n0572> created at line 11.
    Found 1-bit 4-to-1 multiplexer for signal <_n0579> created at line 11.
    Found 1-bit 4-to-1 multiplexer for signal <_n0586> created at line 11.
    Found 1-bit 4-to-1 multiplexer for signal <_n0593> created at line 11.
    Found 1-bit 4-to-1 multiplexer for signal <_n0600> created at line 11.
    Found 1-bit 4-to-1 multiplexer for signal <_n0607> created at line 11.
    Found 1-bit 4-to-1 multiplexer for signal <_n0614> created at line 11.
    Found 1-bit 4-to-1 multiplexer for signal <_n0621> created at line 11.
    Found 1-bit 4-to-1 multiplexer for signal <_n0628> created at line 11.
    Found 1-bit 4-to-1 multiplexer for signal <_n0635> created at line 11.
    Found 1-bit 4-to-1 multiplexer for signal <_n0642> created at line 11.
    Summary:
	inferred  16 Adder/Subtractor(s).
	inferred  32 Multiplexer(s).
Unit <boolean16b_17> synthesized.

Synthesizing Unit <shifter16b_18>.
    Related source file is "D:/Alchitry/ColourCombinator/work/planAhead/ColourCombinator/ColourCombinator.srcs/sources_1/imports/verilog/shifter16b_18.v".
WARNING:Xst:647 - Input <alufn<5:2>> is never used. This port will be preserved and left unconnected if it belongs to a top-level block or it belongs to a sub-block and the hierarchy of this sub-block is preserved.
WARNING:Xst:647 - Input <b<15:4>> is never used. This port will be preserved and left unconnected if it belongs to a top-level block or it belongs to a sub-block and the hierarchy of this sub-block is preserved.
    Found 16-bit shifter logical left for signal <a[15]_b[3]_shift_left_0_OUT> created at line 21
    Found 16-bit shifter logical right for signal <a[15]_b[3]_shift_right_1_OUT> created at line 24
    Found 16-bit shifter arithmetic right for signal <a[15]_b[3]_shift_right_2_OUT> created at line 27
    Found 16-bit 4-to-1 multiplexer for signal <shift> created at line 19.
    Summary:
	inferred   1 Multiplexer(s).
	inferred   3 Combinational logic shifter(s).
Unit <shifter16b_18> synthesized.

Synthesizing Unit <bin_to_dec_8>.
    Related source file is "D:/Alchitry/ColourCombinator/work/planAhead/ColourCombinator/ColourCombinator.srcs/sources_1/imports/verilog/bin_to_dec_8.v".
    Found 10-bit subtractor for signal <value[9]_GND_19_o_sub_22_OUT> created at line 55.
    Found 10-bit subtractor for signal <value[9]_GND_19_o_sub_45_OUT> created at line 55.
    Found 10-bit comparator greater for signal <value[9]_GND_19_o_LessThan_2_o> created at line 40
    Found 10-bit comparator greater for signal <value[9]_PWR_20_o_LessThan_3_o> created at line 50
    Found 10-bit comparator greater for signal <value[9]_PWR_20_o_LessThan_6_o> created at line 50
    Found 10-bit comparator greater for signal <value[9]_PWR_20_o_LessThan_8_o> created at line 50
    Found 10-bit comparator greater for signal <value[9]_PWR_20_o_LessThan_10_o> created at line 50
    Found 10-bit comparator greater for signal <value[9]_PWR_20_o_LessThan_12_o> created at line 50
    Found 10-bit comparator greater for signal <value[9]_GND_19_o_LessThan_14_o> created at line 50
    Found 10-bit comparator greater for signal <value[9]_GND_19_o_LessThan_16_o> created at line 50
    Found 10-bit comparator greater for signal <value[9]_GND_19_o_LessThan_18_o> created at line 50
    Found 10-bit comparator greater for signal <value[9]_GND_19_o_LessThan_20_o> created at line 50
    Found 10-bit comparator greater for signal <value[9]_GND_19_o_LessThan_26_o> created at line 40
    Found 10-bit comparator greater for signal <value[9]_GND_19_o_LessThan_27_o> created at line 50
    Found 10-bit comparator greater for signal <value[9]_GND_19_o_LessThan_29_o> created at line 50
    Found 10-bit comparator greater for signal <value[9]_GND_19_o_LessThan_31_o> created at line 50
    Found 10-bit comparator greater for signal <value[9]_GND_19_o_LessThan_33_o> created at line 50
    Found 10-bit comparator greater for signal <value[9]_GND_19_o_LessThan_35_o> created at line 50
    Found 10-bit comparator greater for signal <value[9]_GND_19_o_LessThan_37_o> created at line 50
    Found 10-bit comparator greater for signal <value[9]_GND_19_o_LessThan_39_o> created at line 50
    Found 10-bit comparator greater for signal <value[9]_GND_19_o_LessThan_41_o> created at line 50
    Found 10-bit comparator greater for signal <value[9]_GND_19_o_LessThan_43_o> created at line 50
    Found 10-bit comparator greater for signal <value[9]_GND_19_o_LessThan_48_o> created at line 40
    Found 10-bit comparator greater for signal <value[9]_GND_19_o_LessThan_49_o> created at line 50
    Found 10-bit comparator greater for signal <value[9]_GND_19_o_LessThan_51_o> created at line 50
    Found 10-bit comparator greater for signal <value[9]_GND_19_o_LessThan_53_o> created at line 50
    Found 10-bit comparator greater for signal <value[9]_GND_19_o_LessThan_55_o> created at line 50
    Found 10-bit comparator greater for signal <value[9]_GND_19_o_LessThan_57_o> created at line 50
    Found 10-bit comparator greater for signal <value[9]_GND_19_o_LessThan_59_o> created at line 50
    Found 10-bit comparator greater for signal <value[9]_GND_19_o_LessThan_61_o> created at line 50
    Found 10-bit comparator greater for signal <value[9]_GND_19_o_LessThan_63_o> created at line 50
    Found 10-bit comparator greater for signal <value[9]_GND_19_o_LessThan_65_o> created at line 50
    Summary:
	inferred   2 Adder/Subtractor(s).
	inferred  30 Comparator(s).
	inferred 132 Multiplexer(s).
Unit <bin_to_dec_8> synthesized.

Synthesizing Unit <counter_9>.
    Related source file is "D:/Alchitry/ColourCombinator/work/planAhead/ColourCombinator/ColourCombinator.srcs/sources_1/imports/verilog/counter_9.v".
    Found 28-bit register for signal <M_ctr_q>.
    Found 28-bit adder for signal <M_ctr_q[27]_GND_20_o_add_0_OUT> created at line 35.
    Summary:
	inferred   1 Adder/Subtractor(s).
	inferred  28 D-type flip-flop(s).
	inferred   1 Multiplexer(s).
Unit <counter_9> synthesized.

Synthesizing Unit <decoder_10>.
    Related source file is "D:/Alchitry/ColourCombinator/work/planAhead/ColourCombinator/ColourCombinator.srcs/sources_1/imports/verilog/decoder_10.v".
    Summary:
	no macro.
Unit <decoder_10> synthesized.

=========================================================================
HDL Synthesis Report

Macro Statistics
# RAMs                                                 : 14
 16x7-bit single-port Read Only RAM                    : 2
 4x1-bit single-port Read Only RAM                     : 9
 8x4-bit single-port Read Only RAM                     : 3
# Multipliers                                          : 1
 16x16-bit multiplier                                  : 1
# Adders/Subtractors                                   : 64
 10-bit adder                                          : 2
 10-bit subtractor                                     : 4
 16-bit adder                                          : 1
 16-bit subtractor                                     : 1
 17-bit adder                                          : 2
 18-bit adder                                          : 2
 19-bit adder                                          : 2
 20-bit adder                                          : 2
 21-bit adder                                          : 2
 22-bit adder                                          : 2
 23-bit adder                                          : 2
 24-bit adder                                          : 2
 25-bit adder                                          : 2
 26-bit adder                                          : 2
 27-bit adder                                          : 2
 28-bit adder                                          : 3
 29-bit adder                                          : 2
 3-bit adder                                           : 16
 30-bit adder                                          : 4
 31-bit adder                                          : 2
 32-bit adder                                          : 3
 4-bit adder                                           : 2
 8-bit adder                                           : 2
# Registers                                            : 30
 1-bit register                                        : 9
 10-bit register                                       : 2
 128-bit register                                      : 1
 28-bit register                                       : 1
 3-bit register                                        : 3
 30-bit register                                       : 2
 32-bit register                                       : 5
 4-bit register                                        : 4
 64-bit register                                       : 1
 8-bit register                                        : 2
# Comparators                                          : 77
 10-bit comparator greater                             : 60
 16-bit comparator lessequal                           : 1
 17-bit comparator lessequal                           : 1
 18-bit comparator lessequal                           : 1
 19-bit comparator lessequal                           : 1
 20-bit comparator lessequal                           : 1
 21-bit comparator lessequal                           : 1
 22-bit comparator lessequal                           : 1
 23-bit comparator lessequal                           : 1
 24-bit comparator lessequal                           : 1
 25-bit comparator lessequal                           : 1
 26-bit comparator lessequal                           : 1
 27-bit comparator lessequal                           : 1
 28-bit comparator lessequal                           : 1
 29-bit comparator lessequal                           : 1
 30-bit comparator lessequal                           : 1
 31-bit comparator lessequal                           : 1
 32-bit comparator lessequal                           : 1
# Multiplexers                                         : 650
 1-bit 2-to-1 multiplexer                              : 480
 1-bit 4-to-1 multiplexer                              : 17
 1-bit 8-to-1 multiplexer                              : 3
 10-bit 2-to-1 multiplexer                             : 42
 12-bit 2-to-1 multiplexer                             : 4
 128-bit 2-to-1 multiplexer                            : 9
 16-bit 2-to-1 multiplexer                             : 35
 16-bit 4-to-1 multiplexer                             : 4
 24-bit 2-to-1 multiplexer                             : 5
 28-bit 2-to-1 multiplexer                             : 1
 3-bit 2-to-1 multiplexer                              : 9
 30-bit 2-to-1 multiplexer                             : 30
 32-bit 2-to-1 multiplexer                             : 4
 64-bit 2-to-1 multiplexer                             : 5
 8-bit 2-to-1 multiplexer                              : 2
# Logic shifters                                       : 5
 16-bit shifter arithmetic right                       : 1
 16-bit shifter logical left                           : 1
 16-bit shifter logical right                          : 1
 31-bit shifter logical right                          : 2
# Tristates                                            : 6
 1-bit tristate buffer                                 : 6
# FSMs                                                 : 1
# Xors                                                 : 3
 32-bit xor2                                           : 2
 32-bit xor4                                           : 1

=========================================================================

=========================================================================
*                       Advanced HDL Synthesis                          *
=========================================================================


Synthesizing (advanced) Unit <counter_12>.
The following registers are absorbed into counter <M_ctr_q>: 1 register on signal <M_ctr_q>.
Unit <counter_12> synthesized (advanced).

Synthesizing (advanced) Unit <counter_9>.
The following registers are absorbed into counter <M_ctr_q>: 1 register on signal <M_ctr_q>.
Unit <counter_9> synthesized (advanced).

Synthesizing (advanced) Unit <mojo_top_0>.
The following registers are absorbed into counter <M_duoqc_q>: 1 register on signal <M_duoqc_q>.
The following registers are absorbed into counter <M_duoseed_q>: 1 register on signal <M_duoseed_q>.
The following registers are absorbed into counter <M_soloqc_q>: 1 register on signal <M_soloqc_q>.
Unit <mojo_top_0> synthesized (advanced).

Synthesizing (advanced) Unit <questionselector_5>.
INFO:Xst:3218 - HDL ADVISOR - The RAM <Mram_redLED> will be implemented on LUTs either because you have described an asynchronous read or because of currently unsupported block RAM features. If you have described an asynchronous read, making it synchronous would allow you to take advantage of available block RAM resources, for optimized device usage and improved timings. Please refer to your documentation for coding guidelines.
    -----------------------------------------------------------------------
    | ram_type           | Distributed                         |          |
    -----------------------------------------------------------------------
    | Port A                                                              |
    |     aspect ratio   | 4-word x 1-bit                      |          |
    |     weA            | connected to signal <GND>           | high     |
    |     addrA          | connected to signal <questionSelectorSignal<1:0>> |          |
    |     diA            | connected to signal <GND>           |          |
    |     doA            | connected to signal <redLED>        |          |
    -----------------------------------------------------------------------
INFO:Xst:3218 - HDL ADVISOR - The RAM <Mram_blueLED> will be implemented on LUTs either because you have described an asynchronous read or because of currently unsupported block RAM features. If you have described an asynchronous read, making it synchronous would allow you to take advantage of available block RAM resources, for optimized device usage and improved timings. Please refer to your documentation for coding guidelines.
    -----------------------------------------------------------------------
    | ram_type           | Distributed                         |          |
    -----------------------------------------------------------------------
    | Port A                                                              |
    |     aspect ratio   | 4-word x 1-bit                      |          |
    |     weA            | connected to signal <GND>           | high     |
    |     addrA          | connected to signal <questionSelectorSignal<2:1>> |          |
    |     diA            | connected to signal <GND>           |          |
    |     doA            | connected to signal <blueLED>       |          |
    -----------------------------------------------------------------------
INFO:Xst:3218 - HDL ADVISOR - The RAM <Mram__n0033> will be implemented on LUTs either because you have described an asynchronous read or because of currently unsupported block RAM features. If you have described an asynchronous read, making it synchronous would allow you to take advantage of available block RAM resources, for optimized device usage and improved timings. Please refer to your documentation for coding guidelines.
    -----------------------------------------------------------------------
    | ram_type           | Distributed                         |          |
    -----------------------------------------------------------------------
    | Port A                                                              |
    |     aspect ratio   | 8-word x 4-bit                      |          |
    |     weA            | connected to signal <GND>           | high     |
    |     addrA          | connected to signal <questionSelectorSignal> |          |
    |     diA            | connected to signal <GND>           |          |
    |     doA            | connected to internal node          |          |
    -----------------------------------------------------------------------
INFO:Xst:3218 - HDL ADVISOR - The RAM <Mram_yellowLED> will be implemented on LUTs either because you have described an asynchronous read or because of currently unsupported block RAM features. If you have described an asynchronous read, making it synchronous would allow you to take advantage of available block RAM resources, for optimized device usage and improved timings. Please refer to your documentation for coding guidelines.
    -----------------------------------------------------------------------
    | ram_type           | Distributed                         |          |
    -----------------------------------------------------------------------
    | Port A                                                              |
    |     aspect ratio   | 4-word x 1-bit                      |          |
    |     weA            | connected to signal <GND>           | high     |
    |     addrA          | connected to signal <(questionSelectorSignal<2>,questionSelectorSignal<0>)> |          |
    |     diA            | connected to signal <GND>           |          |
    |     doA            | connected to signal <yellowLED>     |          |
    -----------------------------------------------------------------------
Unit <questionselector_5> synthesized (advanced).

Synthesizing (advanced) Unit <seven_seg_13>.
INFO:Xst:3218 - HDL ADVISOR - The RAM <Mram_segs> will be implemented on LUTs either because you have described an asynchronous read or because of currently unsupported block RAM features. If you have described an asynchronous read, making it synchronous would allow you to take advantage of available block RAM resources, for optimized device usage and improved timings. Please refer to your documentation for coding guidelines.
    -----------------------------------------------------------------------
    | ram_type           | Distributed                         |          |
    -----------------------------------------------------------------------
    | Port A                                                              |
    |     aspect ratio   | 16-word x 7-bit                     |          |
    |     weA            | connected to signal <GND>           | high     |
    |     addrA          | connected to signal <char>          |          |
    |     diA            | connected to signal <GND>           |          |
    |     doA            | connected to signal <segs>          |          |
    -----------------------------------------------------------------------
Unit <seven_seg_13> synthesized (advanced).

=========================================================================
Advanced HDL Synthesis Report

Macro Statistics
# RAMs                                                 : 14
 16x7-bit single-port distributed Read Only RAM        : 2
 4x1-bit single-port distributed Read Only RAM         : 9
 8x4-bit single-port distributed Read Only RAM         : 3
# Multipliers                                          : 1
 16x16-bit multiplier                                  : 1
# Adders/Subtractors                                   : 42
 10-bit subtractor                                     : 4
 16-bit adder                                          : 1
 16-bit adder carry in                                 : 16
 16-bit subtractor                                     : 1
 3-bit adder                                           : 16
 30-bit adder                                          : 2
 4-bit adder                                           : 2
# Counters                                             : 6
 10-bit up counter                                     : 2
 28-bit up counter                                     : 1
 32-bit up counter                                     : 1
 8-bit up counter                                      : 2
# Registers                                            : 414
 Flip-Flops                                            : 414
# Comparators                                          : 77
 10-bit comparator greater                             : 60
 16-bit comparator lessequal                           : 1
 17-bit comparator lessequal                           : 1
 18-bit comparator lessequal                           : 1
 19-bit comparator lessequal                           : 1
 20-bit comparator lessequal                           : 1
 21-bit comparator lessequal                           : 1
 22-bit comparator lessequal                           : 1
 23-bit comparator lessequal                           : 1
 24-bit comparator lessequal                           : 1
 25-bit comparator lessequal                           : 1
 26-bit comparator lessequal                           : 1
 27-bit comparator lessequal                           : 1
 28-bit comparator lessequal                           : 1
 29-bit comparator lessequal                           : 1
 30-bit comparator lessequal                           : 1
 31-bit comparator lessequal                           : 1
 32-bit comparator lessequal                           : 1
# Multiplexers                                         : 645
 1-bit 2-to-1 multiplexer                              : 480
 1-bit 4-to-1 multiplexer                              : 17
 1-bit 8-to-1 multiplexer                              : 3
 10-bit 2-to-1 multiplexer                             : 40
 12-bit 2-to-1 multiplexer                             : 4
 128-bit 2-to-1 multiplexer                            : 9
 16-bit 2-to-1 multiplexer                             : 35
 16-bit 4-to-1 multiplexer                             : 4
 24-bit 2-to-1 multiplexer                             : 5
 3-bit 2-to-1 multiplexer                              : 9
 30-bit 2-to-1 multiplexer                             : 30
 32-bit 2-to-1 multiplexer                             : 4
 64-bit 2-to-1 multiplexer                             : 5
# Logic shifters                                       : 5
 16-bit shifter arithmetic right                       : 1
 16-bit shifter logical left                           : 1
 16-bit shifter logical right                          : 1
 31-bit shifter logical right                          : 2
# FSMs                                                 : 1
# Xors                                                 : 3
 32-bit xor2                                           : 2
 32-bit xor4                                           : 1

=========================================================================

=========================================================================
*                         Low Level Synthesis                           *
=========================================================================
Analyzing FSM <MFsm> for best encoding.
Optimizing FSM <FSM_0> on signal <M_state_q[1:21]> with one-hot encoding.
--------------------------------
 State | Encoding
--------------------------------
 00000 | 000000000000000000001
 00001 | 000000000000000000010
 01101 | 000000000000000000100
 00010 | 000000000000000001000
 00110 | 000000000000000010000
 01011 | 000000000000000100000
 00011 | 000000000000001000000
 00100 | 000000000000010000000
 00101 | 000000000000100000000
 01010 | 000000000001000000000
 00111 | 000000000010000000000
 01000 | 000000000100000000000
 01001 | 000000001000000000000
 01100 | 000000010000000000000
 10000 | 000000100000000000000
 01110 | 000001000000000000000
 10011 | 000010000000000000000
 01111 | 000100000000000000000
 10001 | 001000000000000000000
 10010 | 010000000000000000000
 10100 | 100000000000000000000
--------------------------------
WARNING:Xst:1293 - FF/Latch <M_r_q_89> has a constant value of 0 in block <mojo_top_0>. This FF/Latch will be trimmed during the optimization process.
WARNING:Xst:1896 - Due to other FF/Latch trimming, FF/Latch <M_r_q_90> has a constant value of 0 in block <mojo_top_0>. This FF/Latch will be trimmed during the optimization process.
WARNING:Xst:1896 - Due to other FF/Latch trimming, FF/Latch <M_r_q_91> has a constant value of 0 in block <mojo_top_0>. This FF/Latch will be trimmed during the optimization process.
WARNING:Xst:1896 - Due to other FF/Latch trimming, FF/Latch <M_r_q_92> has a constant value of 0 in block <mojo_top_0>. This FF/Latch will be trimmed during the optimization process.
WARNING:Xst:1896 - Due to other FF/Latch trimming, FF/Latch <M_r_q_93> has a constant value of 0 in block <mojo_top_0>. This FF/Latch will be trimmed during the optimization process.
WARNING:Xst:1896 - Due to other FF/Latch trimming, FF/Latch <M_r_q_94> has a constant value of 0 in block <mojo_top_0>. This FF/Latch will be trimmed during the optimization process.
WARNING:Xst:1896 - Due to other FF/Latch trimming, FF/Latch <M_r_q_95> has a constant value of 0 in block <mojo_top_0>. This FF/Latch will be trimmed during the optimization process.
WARNING:Xst:1896 - Due to other FF/Latch trimming, FF/Latch <M_p_q_33> has a constant value of 0 in block <mojo_top_0>. This FF/Latch will be trimmed during the optimization process.
WARNING:Xst:1896 - Due to other FF/Latch trimming, FF/Latch <M_p_q_34> has a constant value of 0 in block <mojo_top_0>. This FF/Latch will be trimmed during the optimization process.
WARNING:Xst:1896 - Due to other FF/Latch trimming, FF/Latch <M_p_q_35> has a constant value of 0 in block <mojo_top_0>. This FF/Latch will be trimmed during the optimization process.
WARNING:Xst:1896 - Due to other FF/Latch trimming, FF/Latch <M_p_q_36> has a constant value of 0 in block <mojo_top_0>. This FF/Latch will be trimmed during the optimization process.
WARNING:Xst:1896 - Due to other FF/Latch trimming, FF/Latch <M_p_q_37> has a constant value of 0 in block <mojo_top_0>. This FF/Latch will be trimmed during the optimization process.
WARNING:Xst:1896 - Due to other FF/Latch trimming, FF/Latch <M_p_q_38> has a constant value of 0 in block <mojo_top_0>. This FF/Latch will be trimmed during the optimization process.
WARNING:Xst:1896 - Due to other FF/Latch trimming, FF/Latch <M_p_q_39> has a constant value of 0 in block <mojo_top_0>. This FF/Latch will be trimmed during the optimization process.
WARNING:Xst:1896 - Due to other FF/Latch trimming, FF/Latch <M_p_q_40> has a constant value of 0 in block <mojo_top_0>. This FF/Latch will be trimmed during the optimization process.
WARNING:Xst:1896 - Due to other FF/Latch trimming, FF/Latch <M_p_q_41> has a constant value of 0 in block <mojo_top_0>. This FF/Latch will be trimmed during the optimization process.
WARNING:Xst:1896 - Due to other FF/Latch trimming, FF/Latch <M_p_q_42> has a constant value of 0 in block <mojo_top_0>. This FF/Latch will be trimmed during the optimization process.
WARNING:Xst:1896 - Due to other FF/Latch trimming, FF/Latch <M_p_q_43> has a constant value of 0 in block <mojo_top_0>. This FF/Latch will be trimmed during the optimization process.
WARNING:Xst:1896 - Due to other FF/Latch trimming, FF/Latch <M_p_q_44> has a constant value of 0 in block <mojo_top_0>. This FF/Latch will be trimmed during the optimization process.
WARNING:Xst:1896 - Due to other FF/Latch trimming, FF/Latch <M_p_q_45> has a constant value of 0 in block <mojo_top_0>. This FF/Latch will be trimmed during the optimization process.
WARNING:Xst:1896 - Due to other FF/Latch trimming, FF/Latch <M_p_q_46> has a constant value of 0 in block <mojo_top_0>. This FF/Latch will be trimmed during the optimization process.
WARNING:Xst:1896 - Due to other FF/Latch trimming, FF/Latch <M_p_q_47> has a constant value of 0 in block <mojo_top_0>. This FF/Latch will be trimmed during the optimization process.
WARNING:Xst:1896 - Due to other FF/Latch trimming, FF/Latch <M_r_q_65> has a constant value of 0 in block <mojo_top_0>. This FF/Latch will be trimmed during the optimization process.
WARNING:Xst:1896 - Due to other FF/Latch trimming, FF/Latch <M_r_q_66> has a constant value of 0 in block <mojo_top_0>. This FF/Latch will be trimmed during the optimization process.
WARNING:Xst:1896 - Due to other FF/Latch trimming, FF/Latch <M_r_q_67> has a constant value of 0 in block <mojo_top_0>. This FF/Latch will be trimmed during the optimization process.
WARNING:Xst:1896 - Due to other FF/Latch trimming, FF/Latch <M_r_q_68> has a constant value of 0 in block <mojo_top_0>. This FF/Latch will be trimmed during the optimization process.
WARNING:Xst:1896 - Due to other FF/Latch trimming, FF/Latch <M_r_q_69> has a constant value of 0 in block <mojo_top_0>. This FF/Latch will be trimmed during the optimization process.
WARNING:Xst:1896 - Due to other FF/Latch trimming, FF/Latch <M_r_q_70> has a constant value of 0 in block <mojo_top_0>. This FF/Latch will be trimmed during the optimization process.
WARNING:Xst:1896 - Due to other FF/Latch trimming, FF/Latch <M_r_q_71> has a constant value of 0 in block <mojo_top_0>. This FF/Latch will be trimmed during the optimization process.
WARNING:Xst:1896 - Due to other FF/Latch trimming, FF/Latch <M_r_q_72> has a constant value of 0 in block <mojo_top_0>. This FF/Latch will be trimmed during the optimization process.
WARNING:Xst:1896 - Due to other FF/Latch trimming, FF/Latch <M_r_q_73> has a constant value of 0 in block <mojo_top_0>. This FF/Latch will be trimmed during the optimization process.
WARNING:Xst:1896 - Due to other FF/Latch trimming, FF/Latch <M_r_q_74> has a constant value of 0 in block <mojo_top_0>. This FF/Latch will be trimmed during the optimization process.
WARNING:Xst:1896 - Due to other FF/Latch trimming, FF/Latch <M_r_q_75> has a constant value of 0 in block <mojo_top_0>. This FF/Latch will be trimmed during the optimization process.
WARNING:Xst:1896 - Due to other FF/Latch trimming, FF/Latch <M_r_q_76> has a constant value of 0 in block <mojo_top_0>. This FF/Latch will be trimmed during the optimization process.
WARNING:Xst:1896 - Due to other FF/Latch trimming, FF/Latch <M_r_q_77> has a constant value of 0 in block <mojo_top_0>. This FF/Latch will be trimmed during the optimization process.
WARNING:Xst:1896 - Due to other FF/Latch trimming, FF/Latch <M_r_q_78> has a constant value of 0 in block <mojo_top_0>. This FF/Latch will be trimmed during the optimization process.
WARNING:Xst:1896 - Due to other FF/Latch trimming, FF/Latch <M_r_q_79> has a constant value of 0 in block <mojo_top_0>. This FF/Latch will be trimmed during the optimization process.
WARNING:Xst:1896 - Due to other FF/Latch trimming, FF/Latch <M_r_q_81> has a constant value of 0 in block <mojo_top_0>. This FF/Latch will be trimmed during the optimization process.
WARNING:Xst:1896 - Due to other FF/Latch trimming, FF/Latch <M_r_q_82> has a constant value of 0 in block <mojo_top_0>. This FF/Latch will be trimmed during the optimization process.
WARNING:Xst:1896 - Due to other FF/Latch trimming, FF/Latch <M_r_q_83> has a constant value of 0 in block <mojo_top_0>. This FF/Latch will be trimmed during the optimization process.
WARNING:Xst:1896 - Due to other FF/Latch trimming, FF/Latch <M_r_q_84> has a constant value of 0 in block <mojo_top_0>. This FF/Latch will be trimmed during the optimization process.
WARNING:Xst:1896 - Due to other FF/Latch trimming, FF/Latch <M_r_q_85> has a constant value of 0 in block <mojo_top_0>. This FF/Latch will be trimmed during the optimization process.
WARNING:Xst:1896 - Due to other FF/Latch trimming, FF/Latch <M_r_q_86> has a constant value of 0 in block <mojo_top_0>. This FF/Latch will be trimmed during the optimization process.
WARNING:Xst:1896 - Due to other FF/Latch trimming, FF/Latch <M_r_q_87> has a constant value of 0 in block <mojo_top_0>. This FF/Latch will be trimmed during the optimization process.
WARNING:Xst:1896 - Due to other FF/Latch trimming, FF/Latch <M_r_q_88> has a constant value of 0 in block <mojo_top_0>. This FF/Latch will be trimmed during the optimization process.
WARNING:Xst:2973 - All outputs of instance <alumodule/adderalu/a[15]_b[15]_div_6> of block <div_16u_16u> are unconnected in block <mojo_top_0>. Underlying logic will be removed.
WARNING:Xst:2677 - Node <M_solocounter_q_28> of sequential type is unconnected in block <mojo_top_0>.
WARNING:Xst:2677 - Node <M_solocounter_q_29> of sequential type is unconnected in block <mojo_top_0>.
WARNING:Xst:2677 - Node <M_duocounter_q_24> of sequential type is unconnected in block <mojo_top_0>.
WARNING:Xst:2677 - Node <M_duocounter_q_25> of sequential type is unconnected in block <mojo_top_0>.
WARNING:Xst:2677 - Node <M_duocounter_q_26> of sequential type is unconnected in block <mojo_top_0>.
WARNING:Xst:2677 - Node <M_duocounter_q_27> of sequential type is unconnected in block <mojo_top_0>.
WARNING:Xst:2677 - Node <M_duocounter_q_28> of sequential type is unconnected in block <mojo_top_0>.
WARNING:Xst:2677 - Node <M_duocounter_q_29> of sequential type is unconnected in block <mojo_top_0>.

Optimizing unit <mojo_top_0> ...

Optimizing unit <questionselector_5> ...

Optimizing unit <pn_gen_6> ...

Optimizing unit <div_16u_16u> ...

Optimizing unit <bin_to_dec_8> ...
WARNING:Xst:1293 - FF/Latch <M_soloqc_q_5> has a constant value of 0 in block <mojo_top_0>. This FF/Latch will be trimmed during the optimization process.
WARNING:Xst:1896 - Due to other FF/Latch trimming, FF/Latch <M_soloqc_q_6> has a constant value of 0 in block <mojo_top_0>. This FF/Latch will be trimmed during the optimization process.
WARNING:Xst:1896 - Due to other FF/Latch trimming, FF/Latch <M_soloqc_q_7> has a constant value of 0 in block <mojo_top_0>. This FF/Latch will be trimmed during the optimization process.
WARNING:Xst:1896 - Due to other FF/Latch trimming, FF/Latch <M_duoqc_q_5> has a constant value of 0 in block <mojo_top_0>. This FF/Latch will be trimmed during the optimization process.
WARNING:Xst:1896 - Due to other FF/Latch trimming, FF/Latch <M_duoqc_q_6> has a constant value of 0 in block <mojo_top_0>. This FF/Latch will be trimmed during the optimization process.
WARNING:Xst:1896 - Due to other FF/Latch trimming, FF/Latch <M_duoqc_q_7> has a constant value of 0 in block <mojo_top_0>. This FF/Latch will be trimmed during the optimization process.
INFO:Xst:2261 - The FF/Latch <duoSel2/M_orange_q> in Unit <mojo_top_0> is equivalent to the following FF/Latch, which will be removed : <duoSel1/M_orange_q> 
INFO:Xst:2261 - The FF/Latch <duoSel2/M_red_q> in Unit <mojo_top_0> is equivalent to the following FF/Latch, which will be removed : <duoSel1/M_red_q> 
INFO:Xst:2261 - The FF/Latch <duoSel2/M_blue_q> in Unit <mojo_top_0> is equivalent to the following FF/Latch, which will be removed : <duoSel1/M_blue_q> 
INFO:Xst:2261 - The FF/Latch <seg2/ctr/M_ctr_q_0> in Unit <mojo_top_0> is equivalent to the following 2 FFs/Latches, which will be removed : <seg/ctr/M_ctr_q_0> <color_cycle_cnt/M_ctr_q_0> 
INFO:Xst:2261 - The FF/Latch <seg2/ctr/M_ctr_q_1> in Unit <mojo_top_0> is equivalent to the following 2 FFs/Latches, which will be removed : <seg/ctr/M_ctr_q_1> <color_cycle_cnt/M_ctr_q_1> 
INFO:Xst:2261 - The FF/Latch <seg2/ctr/M_ctr_q_2> in Unit <mojo_top_0> is equivalent to the following 2 FFs/Latches, which will be removed : <seg/ctr/M_ctr_q_2> <color_cycle_cnt/M_ctr_q_2> 
INFO:Xst:2261 - The FF/Latch <seg2/ctr/M_ctr_q_3> in Unit <mojo_top_0> is equivalent to the following 2 FFs/Latches, which will be removed : <seg/ctr/M_ctr_q_3> <color_cycle_cnt/M_ctr_q_3> 
INFO:Xst:2261 - The FF/Latch <seg2/ctr/M_ctr_q_4> in Unit <mojo_top_0> is equivalent to the following 2 FFs/Latches, which will be removed : <seg/ctr/M_ctr_q_4> <color_cycle_cnt/M_ctr_q_4> 
INFO:Xst:2261 - The FF/Latch <seg2/ctr/M_ctr_q_5> in Unit <mojo_top_0> is equivalent to the following 2 FFs/Latches, which will be removed : <seg/ctr/M_ctr_q_5> <color_cycle_cnt/M_ctr_q_5> 
INFO:Xst:2261 - The FF/Latch <seg2/ctr/M_ctr_q_6> in Unit <mojo_top_0> is equivalent to the following 2 FFs/Latches, which will be removed : <seg/ctr/M_ctr_q_6> <color_cycle_cnt/M_ctr_q_6> 
INFO:Xst:2261 - The FF/Latch <seg2/ctr/M_ctr_q_7> in Unit <mojo_top_0> is equivalent to the following 2 FFs/Latches, which will be removed : <seg/ctr/M_ctr_q_7> <color_cycle_cnt/M_ctr_q_7> 
INFO:Xst:2261 - The FF/Latch <seg2/ctr/M_ctr_q_8> in Unit <mojo_top_0> is equivalent to the following 2 FFs/Latches, which will be removed : <seg/ctr/M_ctr_q_8> <color_cycle_cnt/M_ctr_q_8> 
INFO:Xst:2261 - The FF/Latch <seg2/ctr/M_ctr_q_9> in Unit <mojo_top_0> is equivalent to the following 2 FFs/Latches, which will be removed : <seg/ctr/M_ctr_q_9> <color_cycle_cnt/M_ctr_q_9> 
INFO:Xst:2261 - The FF/Latch <duoSel2/M_yellow_q> in Unit <mojo_top_0> is equivalent to the following FF/Latch, which will be removed : <duoSel1/M_yellow_q> 
INFO:Xst:2261 - The FF/Latch <duoSel2/M_white_q> in Unit <mojo_top_0> is equivalent to the following FF/Latch, which will be removed : <duoSel1/M_white_q> 
INFO:Xst:2261 - The FF/Latch <duoSel2/M_purple_q> in Unit <mojo_top_0> is equivalent to the following FF/Latch, which will be removed : <duoSel1/M_purple_q> 
INFO:Xst:2261 - The FF/Latch <duoSel2/M_green_q> in Unit <mojo_top_0> is equivalent to the following FF/Latch, which will be removed : <duoSel1/M_green_q> 
INFO:Xst:2261 - The FF/Latch <M_t_q_0> in Unit <mojo_top_0> is equivalent to the following FF/Latch, which will be removed : <rand/M_z_q_0> 

Mapping all equations...
Building and optimizing final netlist ...
Found area constraint ratio of 100 (+ 0) on block mojo_top_0, actual ratio is 22.
FlipFlop M_state_q_FSM_FFd11 has been replicated 1 time(s)
FlipFlop M_state_q_FSM_FFd13 has been replicated 1 time(s)
FlipFlop M_state_q_FSM_FFd14 has been replicated 1 time(s)
FlipFlop M_state_q_FSM_FFd15 has been replicated 1 time(s)
FlipFlop M_state_q_FSM_FFd17 has been replicated 1 time(s)
FlipFlop M_state_q_FSM_FFd3 has been replicated 1 time(s)
FlipFlop M_state_q_FSM_FFd4 has been replicated 1 time(s)
FlipFlop M_state_q_FSM_FFd6 has been replicated 1 time(s)

Final Macro Processing ...

Processing Unit <mojo_top_0> :
INFO:Xst:741 - HDL ADVISOR - A 4-bit shift register was found for signal <reset_cond/M_stage_q_3> and currently occupies 4 logic cells (2 slices). Removing the set/reset logic would take advantage of SRL32 (and derived) primitives and reduce this to 1 logic cells (1 slices). Evaluate if the set/reset can be removed for this simple shift register. The majority of simple pipeline structures do not need to be set/reset operationally.
Unit <mojo_top_0> processed.

=========================================================================
Final Register Report

Macro Statistics
# Registers                                            : 452
 Flip-Flops                                            : 452

=========================================================================

=========================================================================
*                           Partition Report                            *
=========================================================================

Partition Implementation Status
-------------------------------

  No Partitions were found in this design.

-------------------------------

=========================================================================
*                            Design Summary                             *
=========================================================================

Clock Information:
------------------
-----------------------------------+------------------------+-------+
Clock Signal                       | Clock buffer(FF name)  | Load  |
-----------------------------------+------------------------+-------+
clk                                | BUFGP                  | 452   |
-----------------------------------+------------------------+-------+

Asynchronous Control Signals Information:
----------------------------------------
No asynchronous control signals found in this design

Timing Summary:
---------------
Speed Grade: -2

   Minimum period: 10.443ns (Maximum Frequency: 95.758MHz)
   Minimum input arrival time before clock: 6.439ns
   Maximum output required time after clock: 28.584ns
   Maximum combinational path delay: No path found

=========================================================================
[Wed Dec 04 02:31:09 2019] synth_1 finished
wait_on_run: Time (s): elapsed = 00:00:36 . Memory (MB): peak = 228.816 ; gain = 0.000
# launch_runs -runs impl_1
Release 14.7 - ngc2edif P.20131013 (nt)
Copyright (c) 1995-2013 Xilinx, Inc.  All rights reserved.

Release 14.7 - ngc2edif P.20131013 (nt)
Copyright (c) 1995-2013 Xilinx, Inc.  All rights reserved.
Reading design mojo_top_0.ngc ...
WARNING:NetListWriters:298 - No output is written to mojo_top_0.xncf, ignored.
Processing design ...
   Preping design's networks ...
   Preping design's macros ...
WARNING:NetListWriters:306 - Signal bus M_r_q<127 : 0> on block mojo_top_0 is
   not reconstructed, because there are some missing bus signals.
WARNING:NetListWriters:306 - Signal bus M_p_q<63 : 0> on block mojo_top_0 is not
   reconstructed, because there are some missing bus signals.
WARNING:NetListWriters:306 - Signal bus M_p_d<63 : 0> on block mojo_top_0 is not
   reconstructed, because there are some missing bus signals.
WARNING:NetListWriters:306 - Signal bus _n0388<128 : 1> on block mojo_top_0 is
   not reconstructed, because there are some missing bus signals.
WARNING:NetListWriters:306 - Signal bus value[9]_value[9]_mux_46_OUT<6 : 1> on
   block mojo_top_0 is not reconstructed, because there are some missing bus
   signals.
WARNING:NetListWriters:306 - Signal bus M_state_q__n0388<64 : 48> on block
   mojo_top_0 is not reconstructed, because there are some missing bus signals.
  finished :Prep
Writing EDIF netlist file mojo_top_0.edif ...
ngc2edif: Total memory usage is 80964 kilobytes

Parsing EDIF File [D:/Alchitry/ColourCombinator/work/planAhead/ColourCombinator/ColourCombinator.data/cache/mojo_top_0_ngc_zx.edif]
Finished Parsing EDIF File [D:/Alchitry/ColourCombinator/work/planAhead/ColourCombinator/ColourCombinator.data/cache/mojo_top_0_ngc_zx.edif]
INFO: [Netlist 29-17] Analyzing 1 Unisim elements for replacement
INFO: [Netlist 29-28] Unisim Transformation completed in 0 CPU seconds
Loading clock regions from D:/Programs/Xilinx/14.7/ISE_DS/PlanAhead/data\parts/xilinx/spartan6/spartan6lx/xc6slx9/ClockRegion.xml
Loading clock buffers from D:/Programs/Xilinx/14.7/ISE_DS/PlanAhead/data\parts/xilinx/spartan6/spartan6lx/xc6slx9/ClockBuffers.xml
Loading package pin functions from D:/Programs/Xilinx/14.7/ISE_DS/PlanAhead/data\parts/xilinx/spartan6/PinFunctions.xml...
Loading package from D:/Programs/Xilinx/14.7/ISE_DS/PlanAhead/data\parts/xilinx/spartan6/spartan6lx/xc6slx9/tqg144/Package.xml
Loading io standards from D:/Programs/Xilinx/14.7/ISE_DS/PlanAhead/data\./parts/xilinx/spartan6/IOStandards.xml
Loading device configuration modes from D:/Programs/Xilinx/14.7/ISE_DS/PlanAhead/data\parts/xilinx/spartan6/ConfigModes.xml
Loading list of drcs for the architecture : D:/Programs/Xilinx/14.7/ISE_DS/PlanAhead/data\./parts/xilinx/spartan6/drc.xml
Parsing UCF File [D:/Alchitry/ColourCombinator/work/planAhead/ColourCombinator/ColourCombinator.srcs/constrs_1/imports/constraint/user.ucf]
Finished Parsing UCF File [D:/Alchitry/ColourCombinator/work/planAhead/ColourCombinator/ColourCombinator.srcs/constrs_1/imports/constraint/user.ucf]
Parsing UCF File [D:/Alchitry/ColourCombinator/work/planAhead/ColourCombinator/ColourCombinator.srcs/constrs_1/imports/components/mojo.ucf]
CRITICAL WARNING: [Constraints 18-11] Could not find net or pin 'cclk' [D:/Alchitry/ColourCombinator/work/planAhead/ColourCombinator/ColourCombinator.srcs/constrs_1/imports/components/mojo.ucf:9]
CRITICAL WARNING: [Constraints 18-11] Could not find net or pin 'cclk' [D:/Alchitry/ColourCombinator/work/planAhead/ColourCombinator/ColourCombinator.srcs/constrs_1/imports/components/mojo.ucf:9]
CRITICAL WARNING: [Constraints 18-11] Could not find net or pin 'spi_mosi' [D:/Alchitry/ColourCombinator/work/planAhead/ColourCombinator/ColourCombinator.srcs/constrs_1/imports/components/mojo.ucf:20]
CRITICAL WARNING: [Constraints 18-11] Could not find net or pin 'spi_mosi' [D:/Alchitry/ColourCombinator/work/planAhead/ColourCombinator/ColourCombinator.srcs/constrs_1/imports/components/mojo.ucf:20]
CRITICAL WARNING: [Constraints 18-11] Could not find net or pin 'spi_ss' [D:/Alchitry/ColourCombinator/work/planAhead/ColourCombinator/ColourCombinator.srcs/constrs_1/imports/components/mojo.ucf:22]
CRITICAL WARNING: [Constraints 18-11] Could not find net or pin 'spi_ss' [D:/Alchitry/ColourCombinator/work/planAhead/ColourCombinator/ColourCombinator.srcs/constrs_1/imports/components/mojo.ucf:22]
CRITICAL WARNING: [Constraints 18-11] Could not find net or pin 'spi_sck' [D:/Alchitry/ColourCombinator/work/planAhead/ColourCombinator/ColourCombinator.srcs/constrs_1/imports/components/mojo.ucf:23]
CRITICAL WARNING: [Constraints 18-11] Could not find net or pin 'spi_sck' [D:/Alchitry/ColourCombinator/work/planAhead/ColourCombinator/ColourCombinator.srcs/constrs_1/imports/components/mojo.ucf:23]
CRITICAL WARNING: [Constraints 18-11] Could not find net or pin 'avr_tx' [D:/Alchitry/ColourCombinator/work/planAhead/ColourCombinator/ColourCombinator.srcs/constrs_1/imports/components/mojo.ucf:29]
CRITICAL WARNING: [Constraints 18-11] Could not find net or pin 'avr_tx' [D:/Alchitry/ColourCombinator/work/planAhead/ColourCombinator/ColourCombinator.srcs/constrs_1/imports/components/mojo.ucf:29]
CRITICAL WARNING: [Constraints 18-11] Could not find net or pin 'avr_rx_busy' [D:/Alchitry/ColourCombinator/work/planAhead/ColourCombinator/ColourCombinator.srcs/constrs_1/imports/components/mojo.ucf:31]
CRITICAL WARNING: [Constraints 18-11] Could not find net or pin 'avr_rx_busy' [D:/Alchitry/ColourCombinator/work/planAhead/ColourCombinator/ColourCombinator.srcs/constrs_1/imports/components/mojo.ucf:31]
Finished Parsing UCF File [D:/Alchitry/ColourCombinator/work/planAhead/ColourCombinator/ColourCombinator.srcs/constrs_1/imports/components/mojo.ucf]
INFO: [Designutils 20-20] Invalid constraints found, use command 'write_ucf -constraints invalid <file>' to save all the invalid constraints to a file
[Wed Dec 04 02:31:19 2019] Launched impl_1...
Run output will be captured here: D:/Alchitry/ColourCombinator/work/planAhead/ColourCombinator/ColourCombinator.runs/impl_1/runme.log
launch_runs: Time (s): elapsed = 00:00:11 . Memory (MB): peak = 311.719 ; gain = 82.902
# wait_on_run impl_1
[Wed Dec 04 02:31:19 2019] Waiting for impl_1 to finish...

*** Running ngdbuild
    with args -intstyle ise -p xc6slx9tqg144-2 -dd _ngo -uc "mojo_top_0.ucf" "mojo_top_0.edf"


Command Line: D:\Programs\Xilinx\14.7\ISE_DS\ISE\bin\nt\unwrapped\ngdbuild.exe
-intstyle ise -p xc6slx9tqg144-2 -dd _ngo -uc mojo_top_0.ucf mojo_top_0.edf

Executing edif2ngd -quiet "mojo_top_0.edf" "_ngo\mojo_top_0.ngo"
Release 14.7 - edif2ngd P.20131013 (nt)
Copyright (c) 1995-2013 Xilinx, Inc.  All rights reserved.
Reading NGO file
"D:/Alchitry/ColourCombinator/work/planAhead/ColourCombinator/ColourCombinator.r
uns/impl_1/_ngo/mojo_top_0.ngo" ...
Gathering constraint information from source properties...
Done.

Annotating constraints to design from ucf file "mojo_top_0.ucf" ...
Resolving constraint associations...
Checking Constraint Associations...
Done...

Checking expanded design ...

Partition Implementation Status
-------------------------------

  No Partitions were found in this design.

-------------------------------

NGDBUILD Design Results Summary:
  Number of errors:     0
  Number of warnings:   0

Writing NGD file "mojo_top_0.ngd" ...
Total REAL time to NGDBUILD completion:  15 sec
Total CPU time to NGDBUILD completion:   6 sec

Writing NGDBUILD log file "mojo_top_0.bld"...

NGDBUILD done.

*** Running map
    with args -intstyle pa -w -pr b -mt on "mojo_top_0.ngd"

Using target part "6slx9tqg144-2".
INFO:Map:284 - Map is running with the multi-threading option on. Map currently
   supports the use of up to 2 processors. Based on the the user options and
   machine load, Map will use 2 processors during this run.
Mapping design into LUTs...
WARNING:MapLib:701 - Signal spi_miso connected to top level port spi_miso has
   been removed.
WARNING:MapLib:701 - Signal spi_channel[0] connected to top level port
   spi_channel(0) has been removed.
WARNING:MapLib:701 - Signal spi_channel[1] connected to top level port
   spi_channel(1) has been removed.
WARNING:MapLib:701 - Signal spi_channel[2] connected to top level port
   spi_channel(2) has been removed.
WARNING:MapLib:701 - Signal spi_channel[3] connected to top level port
   spi_channel(3) has been removed.
WARNING:MapLib:701 - Signal avr_rx connected to top level port avr_rx has been
   removed.
Running directed packing...
Running delay-based LUT packing...
Updating timing models...
INFO:Map:215 - The Interim Design Summary has been generated in the MAP Report
   (.mrp).
Running timing-driven placement...
Total REAL time at the beginning of Placer: 11 secs 
Total CPU  time at the beginning of Placer: 11 secs 

Phase 1.1  Initial Placement Analysis
Phase 1.1  Initial Placement Analysis (Checksum:dfcf43a8) REAL time: 12 secs 

Phase 2.7  Design Feasibility Check
INFO:Place:834 - Only a subset of IOs are locked. Out of 87 IOs, 75 are locked
   and 12 are not locked. If you would like to print the names of these IOs,
   please set the environment variable XIL_PAR_DESIGN_CHECK_VERBOSE to 1. 
Phase 2.7  Design Feasibility Check (Checksum:dfcf43a8) REAL time: 12 secs 

Phase 3.31  Local Placement Optimization
Phase 3.31  Local Placement Optimization (Checksum:dfcf43a8) REAL time: 12 secs 

Phase 4.2  Initial Placement for Architecture Specific Features
...
Phase 4.2  Initial Placement for Architecture Specific Features
(Checksum:431c1d38) REAL time: 16 secs 

Phase 5.36  Local Placement Optimization
Phase 5.36  Local Placement Optimization (Checksum:431c1d38) REAL time: 16 secs 

Phase 6.30  Global Clock Region Assignment
Phase 6.30  Global Clock Region Assignment (Checksum:431c1d38) REAL time: 16 secs 

Phase 7.3  Local Placement Optimization
...
Phase 7.3  Local Placement Optimization (Checksum:348881bc) REAL time: 17 secs 

Phase 8.5  Local Placement Optimization
Phase 8.5  Local Placement Optimization (Checksum:cd20dbc0) REAL time: 17 secs 

Phase 9.8  Global Placement
........
...........................................
..............................
Phase 9.8  Global Placement (Checksum:b45405e1) REAL time: 21 secs 

Phase 10.5  Local Placement Optimization
Phase 10.5  Local Placement Optimization (Checksum:b45405e1) REAL time: 21 secs 

Phase 11.18  Placement Optimization
Phase 11.18  Placement Optimization (Checksum:8bff86d1) REAL time: 23 secs 

Phase 12.5  Local Placement Optimization
Phase 12.5  Local Placement Optimization (Checksum:8bff86d1) REAL time: 23 secs 

Phase 13.34  Placement Validation
Phase 13.34  Placement Validation (Checksum:8b3e1391) REAL time: 23 secs 

Total REAL time to Placer completion: 24 secs 
Total CPU  time to Placer completion: 23 secs 
Running post-placement packing...
Writing output files...

Design Summary:
Number of errors:      0
Number of warnings:    6
Slice Logic Utilization:
  Number of Slice Registers:                   452 out of  11,440    3%
    Number used as Flip Flops:                 452
    Number used as Latches:                      0
    Number used as Latch-thrus:                  0
    Number used as AND/OR logics:                0
  Number of Slice LUTs:                        885 out of   5,720   15%
    Number used as logic:                      879 out of   5,720   15%
      Number using O6 output only:             633
      Number using O5 output only:             106
      Number using O5 and O6:                  140
      Number used as ROM:                        0
    Number used as Memory:                       0 out of   1,440    0%
    Number used exclusively as route-thrus:      6
      Number with same-slice register load:      2
      Number with same-slice carry load:         4
      Number with other load:                    0

Slice Logic Distribution:
  Number of occupied Slices:                   277 out of   1,430   19%
  Number of MUXCYs used:                       196 out of   2,860    6%
  Number of LUT Flip Flop pairs used:          891
    Number with an unused Flip Flop:           508 out of     891   57%
    Number with an unused LUT:                   6 out of     891    1%
    Number of fully used LUT-FF pairs:         377 out of     891   42%
    Number of unique control sets:              13
    Number of slice register sites lost
      to control set restrictions:              52 out of  11,440    1%

  A LUT Flip Flop pair for this architecture represents one LUT paired with
  one Flip Flop within a slice.  A control set is a unique combination of
  clock, reset, set, and enable signals for a registered element.
  The Slice Logic Distribution report is not meaningful if the design is
  over-mapped for a non-slice resource or if Placement fails.

IO Utilization:
  Number of bonded IOBs:                        87 out of     102   85%
    Number of LOCed IOBs:                       75 out of      87   86%

Specific Feature Utilization:
  Number of RAMB16BWERs:                         0 out of      32    0%
  Number of RAMB8BWERs:                          0 out of      64    0%
  Number of BUFIO2/BUFIO2_2CLKs:                 0 out of      32    0%
  Number of BUFIO2FB/BUFIO2FB_2CLKs:             0 out of      32    0%
  Number of BUFG/BUFGMUXs:                       1 out of      16    6%
    Number used as BUFGs:                        1
    Number used as BUFGMUX:                      0
  Number of DCM/DCM_CLKGENs:                     0 out of       4    0%
  Number of ILOGIC2/ISERDES2s:                   0 out of     200    0%
  Number of IODELAY2/IODRP2/IODRP2_MCBs:         0 out of     200    0%
  Number of OLOGIC2/OSERDES2s:                   0 out of     200    0%
  Number of BSCANs:                              0 out of       4    0%
  Number of BUFHs:                               0 out of     128    0%
  Number of BUFPLLs:                             0 out of       8    0%
  Number of BUFPLL_MCBs:                         0 out of       4    0%
  Number of DSP48A1s:                            1 out of      16    6%
  Number of ICAPs:                               0 out of       1    0%
  Number of MCBs:                                0 out of       2    0%
  Number of PCILOGICSEs:                         0 out of       2    0%
  Number of PLL_ADVs:                            0 out of       2    0%
  Number of PMVs:                                0 out of       1    0%
  Number of STARTUPs:                            0 out of       1    0%
  Number of SUSPEND_SYNCs:                       0 out of       1    0%

Average Fanout of Non-Clock Nets:                4.40

Peak Memory Usage:  343 MB
Total REAL time to MAP completion:  25 secs 
Total CPU time to MAP completion (all processors):   25 secs 

Mapping completed.
See MAP report file "mojo_top_0.mrp" for details.

*** Running par
    with args -intstyle pa "mojo_top_0.ncd" -w "mojo_top_0_routed.ncd" -mt on




Constraints file: mojo_top_0.pcf.
Loading device for application Rf_Device from file '6slx9.nph' in environment D:\Programs\Xilinx\14.7\ISE_DS\ISE\.
   "mojo_top_0" is an NCD, version 3.2, device xc6slx9, package tqg144, speed -2

Initializing temperature to 85.000 Celsius. (default - Range: 0.000 to 85.000 Celsius)
Initializing voltage to 1.140 Volts. (default - Range: 1.140 to 1.260 Volts)


Device speed data version:  "PRODUCTION 1.23 2013-10-13".



Device Utilization Summary:

Slice Logic Utilization:
  Number of Slice Registers:                   452 out of  11,440    3%
    Number used as Flip Flops:                 452
    Number used as Latches:                      0
    Number used as Latch-thrus:                  0
    Number used as AND/OR logics:                0
  Number of Slice LUTs:                        885 out of   5,720   15%
    Number used as logic:                      879 out of   5,720   15%
      Number using O6 output only:             633
      Number using O5 output only:             106
      Number using O5 and O6:                  140
      Number used as ROM:                        0
    Number used as Memory:                       0 out of   1,440    0%
    Number used exclusively as route-thrus:      6
      Number with same-slice register load:      2
      Number with same-slice carry load:         4
      Number with other load:                    0

Slice Logic Distribution:
  Number of occupied Slices:                   277 out of   1,430   19%
  Number of MUXCYs used:                       196 out of   2,860    6%
  Number of LUT Flip Flop pairs used:          891
    Number with an unused Flip Flop:           508 out of     891   57%
    Number with an unused LUT:                   6 out of     891    1%
    Number of fully used LUT-FF pairs:         377 out of     891   42%
    Number of slice register sites lost
      to control set restrictions:               0 out of  11,440    0%

  A LUT Flip Flop pair for this architecture represents one LUT paired with
  one Flip Flop within a slice.  A control set is a unique combination of
  clock, reset, set, and enable signals for a registered element.
  The Slice Logic Distribution report is not meaningful if the design is
  over-mapped for a non-slice resource or if Placement fails.

IO Utilization:
  Number of bonded IOBs:                        87 out of     102   85%
    Number of LOCed IOBs:                       75 out of      87   86%

Specific Feature Utilization:
  Number of RAMB16BWERs:                         0 out of      32    0%
  Number of RAMB8BWERs:                          0 out of      64    0%
  Number of BUFIO2/BUFIO2_2CLKs:                 0 out of      32    0%
  Number of BUFIO2FB/BUFIO2FB_2CLKs:             0 out of      32    0%
  Number of BUFG/BUFGMUXs:                       1 out of      16    6%
    Number used as BUFGs:                        1
    Number used as BUFGMUX:                      0
  Number of DCM/DCM_CLKGENs:                     0 out of       4    0%
  Number of ILOGIC2/ISERDES2s:                   0 out of     200    0%
  Number of IODELAY2/IODRP2/IODRP2_MCBs:         0 out of     200    0%
  Number of OLOGIC2/OSERDES2s:                   0 out of     200    0%
  Number of BSCANs:                              0 out of       4    0%
  Number of BUFHs:                               0 out of     128    0%
  Number of BUFPLLs:                             0 out of       8    0%
  Number of BUFPLL_MCBs:                         0 out of       4    0%
  Number of DSP48A1s:                            1 out of      16    6%
  Number of ICAPs:                               0 out of       1    0%
  Number of MCBs:                                0 out of       2    0%
  Number of PCILOGICSEs:                         0 out of       2    0%
  Number of PLL_ADVs:                            0 out of       2    0%
  Number of PMVs:                                0 out of       1    0%
  Number of STARTUPs:                            0 out of       1    0%
  Number of SUSPEND_SYNCs:                       0 out of       1    0%


Overall effort level (-ol):   Standard 
Router effort level (-rl):    High 

PAR will use up to 2 processors
WARNING:Par:288 - The signal io_button(0)_IBUF has no load.  PAR will not attempt to route this signal.
WARNING:Par:288 - The signal io_button(2)_IBUF has no load.  PAR will not attempt to route this signal.
WARNING:Par:288 - The signal io_dip(0)_IBUF has no load.  PAR will not attempt to route this signal.
WARNING:Par:288 - The signal io_dip(1)_IBUF has no load.  PAR will not attempt to route this signal.
WARNING:Par:288 - The signal io_dip(2)_IBUF has no load.  PAR will not attempt to route this signal.
WARNING:Par:288 - The signal io_dip(3)_IBUF has no load.  PAR will not attempt to route this signal.
WARNING:Par:288 - The signal io_dip(4)_IBUF has no load.  PAR will not attempt to route this signal.
WARNING:Par:288 - The signal io_dip(5)_IBUF has no load.  PAR will not attempt to route this signal.
WARNING:Par:288 - The signal io_dip(6)_IBUF has no load.  PAR will not attempt to route this signal.
WARNING:Par:288 - The signal io_dip(7)_IBUF has no load.  PAR will not attempt to route this signal.
WARNING:Par:288 - The signal io_dip(11)_IBUF has no load.  PAR will not attempt to route this signal.
WARNING:Par:288 - The signal io_dip(12)_IBUF has no load.  PAR will not attempt to route this signal.
WARNING:Par:288 - The signal io_dip(20)_IBUF has no load.  PAR will not attempt to route this signal.
WARNING:Par:288 - The signal io_dip(13)_IBUF has no load.  PAR will not attempt to route this signal.
WARNING:Par:288 - The signal io_dip(21)_IBUF has no load.  PAR will not attempt to route this signal.
WARNING:Par:288 - The signal io_dip(14)_IBUF has no load.  PAR will not attempt to route this signal.
WARNING:Par:288 - The signal io_dip(22)_IBUF has no load.  PAR will not attempt to route this signal.
WARNING:Par:288 - The signal io_dip(15)_IBUF has no load.  PAR will not attempt to route this signal.
WARNING:Par:288 - The signal io_dip(23)_IBUF has no load.  PAR will not attempt to route this signal.
WARNING:Par:288 - The signal io_dip(19)_IBUF has no load.  PAR will not attempt to route this signal.
Starting Multi-threaded Router


Phase  1  : 4885 unrouted;      REAL time: 9 secs 

Phase  2  : 4410 unrouted;      REAL time: 9 secs 

Phase  3  : 2433 unrouted;      REAL time: 11 secs 

Phase  4  : 2433 unrouted; (Setup:0, Hold:0, Component Switching Limit:0)     REAL time: 12 secs 

Updating file: mojo_top_0_routed.ncd with current fully routed design.

Phase  5  : 0 unrouted; (Setup:0, Hold:0, Component Switching Limit:0)     REAL time: 14 secs 

Phase  6  : 0 unrouted; (Setup:0, Hold:0, Component Switching Limit:0)     REAL time: 14 secs 

Phase  7  : 0 unrouted; (Setup:0, Hold:0, Component Switching Limit:0)     REAL time: 14 secs 

Phase  8  : 0 unrouted; (Setup:0, Hold:0, Component Switching Limit:0)     REAL time: 14 secs 

Phase  9  : 0 unrouted; (Setup:0, Hold:0, Component Switching Limit:0)     REAL time: 14 secs 

Phase 10  : 0 unrouted; (Setup:0, Hold:0, Component Switching Limit:0)     REAL time: 15 secs 
Total REAL time to Router completion: 15 secs 
Total CPU time to Router completion (all processors): 16 secs 

Generating "PAR" statistics.

**************************
Generating Clock Report
**************************

+---------------------+--------------+------+------+------------+-------------+
|        Clock Net    |   Resource   |Locked|Fanout|Net Skew(ns)|Max Delay(ns)|
+---------------------+--------------+------+------+------------+-------------+
|           clk_BUFGP | BUFGMUX_X2Y11| No   |  125 |  0.116     |  1.507      |
+---------------------+--------------+------+------+------------+-------------+

* Net Skew is the difference between the minimum and maximum routing
only delays for the net. Note this is different from Clock Skew which
is reported in TRCE timing report. Clock Skew is the difference between
the minimum and maximum path delays which includes logic delays.

* The fanout is the number of component pins not the individual BEL loads,
for example SLICE loads not FF loads.

Timing Score: 0 (Setup: 0, Hold: 0, Component Switching Limit: 0)

Asterisk (*) preceding a constraint indicates it was not met.
   This may be due to a setup or hold violation.

----------------------------------------------------------------------------------------------------------
  Constraint                                |    Check    | Worst Case |  Best Case | Timing |   Timing   
                                            |             |    Slack   | Achievable | Errors |    Score   
----------------------------------------------------------------------------------------------------------
  TS_clk = PERIOD TIMEGRP "clk" 50 MHz HIGH | SETUP       |     8.488ns|    11.512ns|       0|           0
   50%                                      | HOLD        |     0.414ns|            |       0|           0
----------------------------------------------------------------------------------------------------------


All constraints were met.


Generating Pad Report.

All signals are completely routed.

WARNING:Par:283 - There are 20 loadless signals in this design. This design will cause Bitgen to issue DRC warnings.

Total REAL time to PAR completion: 16 secs 
Total CPU time to PAR completion (all processors): 17 secs 

Peak Memory Usage:  320 MB

Placer: Placement generated during map.
Routing: Completed - No errors found.
Timing: Completed - No errors found.

Number of error messages: 0
Number of warning messages: 22
Number of info messages: 0

Writing design to file mojo_top_0_routed.ncd



PAR done!

*** Running trce
    with args -intstyle ise -o "mojo_top_0.twr" -v 30 -l 30 "mojo_top_0_routed.ncd" "mojo_top_0.pcf"

Loading device for application Rf_Device from file '6slx9.nph' in environment
D:\Programs\Xilinx\14.7\ISE_DS\ISE\.
   "mojo_top_0" is an NCD, version 3.2, device xc6slx9, package tqg144, speed -2

Analysis completed Wed Dec 04 02:32:33 2019
--------------------------------------------------------------------------------

Generating Report ...

Number of warnings: 0
Total time: 7 secs 

*** Running xdl
    with args -secure -ncd2xdl -nopips "mojo_top_0_routed.ncd" "mojo_top_0_routed.xdl"

Release 14.7 - xdl P.20131013 (nt)
Copyright (c) 1995-2013 Xilinx, Inc.  All rights reserved.

WARNING:XDL:213 - The resulting xdl output will not have LUT equation strings or RAM INIT strings.
Loading device for application Rf_Device from file '6slx9.nph' in environment D:\Programs\Xilinx\14.7\ISE_DS\ISE\.
   "mojo_top_0" is an NCD, version 3.2, device xc6slx9, package tqg144, speed -2
Successfully converted design 'mojo_top_0_routed.ncd' to 'mojo_top_0_routed.xdl'.
[Wed Dec 04 02:32:39 2019] impl_1 finished
wait_on_run: Time (s): elapsed = 00:01:20 . Memory (MB): peak = 311.719 ; gain = 0.000
# launch_runs impl_1 -to_step Bitgen
[Wed Dec 04 02:32:40 2019] Launched impl_1...
Run output will be captured here: D:/Alchitry/ColourCombinator/work/planAhead/ColourCombinator/ColourCombinator.runs/impl_1/runme.log
# wait_on_run impl_1
[Wed Dec 04 02:32:40 2019] Waiting for impl_1 to finish...

*** Running ngdbuild
    with args -intstyle ise -p xc6slx9tqg144-2 -dd _ngo -uc "mojo_top_0.ucf" "mojo_top_0.edf"


Command Line: D:\Programs\Xilinx\14.7\ISE_DS\ISE\bin\nt\unwrapped\ngdbuild.exe
-intstyle ise -p xc6slx9tqg144-2 -dd _ngo -uc mojo_top_0.ucf mojo_top_0.edf

Executing edif2ngd -quiet "mojo_top_0.edf" "_ngo\mojo_top_0.ngo"
Release 14.7 - edif2ngd P.20131013 (nt)
Copyright (c) 1995-2013 Xilinx, Inc.  All rights reserved.
Reading NGO file
"D:/Alchitry/ColourCombinator/work/planAhead/ColourCombinator/ColourCombinator.r
uns/impl_1/_ngo/mojo_top_0.ngo" ...
Gathering constraint information from source properties...
Done.

Annotating constraints to design from ucf file "mojo_top_0.ucf" ...
Resolving constraint associations...
Checking Constraint Associations...
Done...

Checking expanded design ...

Partition Implementation Status
-------------------------------

  No Partitions were found in this design.

-------------------------------

NGDBUILD Design Results Summary:
  Number of errors:     0
  Number of warnings:   0

Writing NGD file "mojo_top_0.ngd" ...
Total REAL time to NGDBUILD completion:  15 sec
Total CPU time to NGDBUILD completion:   6 sec

Writing NGDBUILD log file "mojo_top_0.bld"...

NGDBUILD done.

*** Running map
    with args -intstyle pa -w -pr b -mt on "mojo_top_0.ngd"

Using target part "6slx9tqg144-2".
INFO:Map:284 - Map is running with the multi-threading option on. Map currently
   supports the use of up to 2 processors. Based on the the user options and
   machine load, Map will use 2 processors during this run.
Mapping design into LUTs...
WARNING:MapLib:701 - Signal spi_miso connected to top level port spi_miso has
   been removed.
WARNING:MapLib:701 - Signal spi_channel[0] connected to top level port
   spi_channel(0) has been removed.
WARNING:MapLib:701 - Signal spi_channel[1] connected to top level port
   spi_channel(1) has been removed.
WARNING:MapLib:701 - Signal spi_channel[2] connected to top level port
   spi_channel(2) has been removed.
WARNING:MapLib:701 - Signal spi_channel[3] connected to top level port
   spi_channel(3) has been removed.
WARNING:MapLib:701 - Signal avr_rx connected to top level port avr_rx has been
   removed.
Running directed packing...
Running delay-based LUT packing...
Updating timing models...
INFO:Map:215 - The Interim Design Summary has been generated in the MAP Report
   (.mrp).
Running timing-driven placement...
Total REAL time at the beginning of Placer: 11 secs 
Total CPU  time at the beginning of Placer: 11 secs 

Phase 1.1  Initial Placement Analysis
Phase 1.1  Initial Placement Analysis (Checksum:dfcf43a8) REAL time: 12 secs 

Phase 2.7  Design Feasibility Check
INFO:Place:834 - Only a subset of IOs are locked. Out of 87 IOs, 75 are locked
   and 12 are not locked. If you would like to print the names of these IOs,
   please set the environment variable XIL_PAR_DESIGN_CHECK_VERBOSE to 1. 
Phase 2.7  Design Feasibility Check (Checksum:dfcf43a8) REAL time: 12 secs 

Phase 3.31  Local Placement Optimization
Phase 3.31  Local Placement Optimization (Checksum:dfcf43a8) REAL time: 12 secs 

Phase 4.2  Initial Placement for Architecture Specific Features
...
Phase 4.2  Initial Placement for Architecture Specific Features
(Checksum:431c1d38) REAL time: 16 secs 

Phase 5.36  Local Placement Optimization
Phase 5.36  Local Placement Optimization (Checksum:431c1d38) REAL time: 16 secs 

Phase 6.30  Global Clock Region Assignment
Phase 6.30  Global Clock Region Assignment (Checksum:431c1d38) REAL time: 16 secs 

Phase 7.3  Local Placement Optimization
...
Phase 7.3  Local Placement Optimization (Checksum:348881bc) REAL time: 17 secs 

Phase 8.5  Local Placement Optimization
Phase 8.5  Local Placement Optimization (Checksum:cd20dbc0) REAL time: 17 secs 

Phase 9.8  Global Placement
........
...........................................
..............................
Phase 9.8  Global Placement (Checksum:b45405e1) REAL time: 21 secs 

Phase 10.5  Local Placement Optimization
Phase 10.5  Local Placement Optimization (Checksum:b45405e1) REAL time: 21 secs 

Phase 11.18  Placement Optimization
Phase 11.18  Placement Optimization (Checksum:8bff86d1) REAL time: 23 secs 

Phase 12.5  Local Placement Optimization
Phase 12.5  Local Placement Optimization (Checksum:8bff86d1) REAL time: 23 secs 

Phase 13.34  Placement Validation
Phase 13.34  Placement Validation (Checksum:8b3e1391) REAL time: 23 secs 

Total REAL time to Placer completion: 24 secs 
Total CPU  time to Placer completion: 23 secs 
Running post-placement packing...
Writing output files...

Design Summary:
Number of errors:      0
Number of warnings:    6
Slice Logic Utilization:
  Number of Slice Registers:                   452 out of  11,440    3%
    Number used as Flip Flops:                 452
    Number used as Latches:                      0
    Number used as Latch-thrus:                  0
    Number used as AND/OR logics:                0
  Number of Slice LUTs:                        885 out of   5,720   15%
    Number used as logic:                      879 out of   5,720   15%
      Number using O6 output only:             633
      Number using O5 output only:             106
      Number using O5 and O6:                  140
      Number used as ROM:                        0
    Number used as Memory:                       0 out of   1,440    0%
    Number used exclusively as route-thrus:      6
      Number with same-slice register load:      2
      Number with same-slice carry load:         4
      Number with other load:                    0

Slice Logic Distribution:
  Number of occupied Slices:                   277 out of   1,430   19%
  Number of MUXCYs used:                       196 out of   2,860    6%
  Number of LUT Flip Flop pairs used:          891
    Number with an unused Flip Flop:           508 out of     891   57%
    Number with an unused LUT:                   6 out of     891    1%
    Number of fully used LUT-FF pairs:         377 out of     891   42%
    Number of unique control sets:              13
    Number of slice register sites lost
      to control set restrictions:              52 out of  11,440    1%

  A LUT Flip Flop pair for this architecture represents one LUT paired with
  one Flip Flop within a slice.  A control set is a unique combination of
  clock, reset, set, and enable signals for a registered element.
  The Slice Logic Distribution report is not meaningful if the design is
  over-mapped for a non-slice resource or if Placement fails.

IO Utilization:
  Number of bonded IOBs:                        87 out of     102   85%
    Number of LOCed IOBs:                       75 out of      87   86%

Specific Feature Utilization:
  Number of RAMB16BWERs:                         0 out of      32    0%
  Number of RAMB8BWERs:                          0 out of      64    0%
  Number of BUFIO2/BUFIO2_2CLKs:                 0 out of      32    0%
  Number of BUFIO2FB/BUFIO2FB_2CLKs:             0 out of      32    0%
  Number of BUFG/BUFGMUXs:                       1 out of      16    6%
    Number used as BUFGs:                        1
    Number used as BUFGMUX:                      0
  Number of DCM/DCM_CLKGENs:                     0 out of       4    0%
  Number of ILOGIC2/ISERDES2s:                   0 out of     200    0%
  Number of IODELAY2/IODRP2/IODRP2_MCBs:         0 out of     200    0%
  Number of OLOGIC2/OSERDES2s:                   0 out of     200    0%
  Number of BSCANs:                              0 out of       4    0%
  Number of BUFHs:                               0 out of     128    0%
  Number of BUFPLLs:                             0 out of       8    0%
  Number of BUFPLL_MCBs:                         0 out of       4    0%
  Number of DSP48A1s:                            1 out of      16    6%
  Number of ICAPs:                               0 out of       1    0%
  Number of MCBs:                                0 out of       2    0%
  Number of PCILOGICSEs:                         0 out of       2    0%
  Number of PLL_ADVs:                            0 out of       2    0%
  Number of PMVs:                                0 out of       1    0%
  Number of STARTUPs:                            0 out of       1    0%
  Number of SUSPEND_SYNCs:                       0 out of       1    0%

Average Fanout of Non-Clock Nets:                4.40

Peak Memory Usage:  343 MB
Total REAL time to MAP completion:  25 secs 
Total CPU time to MAP completion (all processors):   25 secs 

Mapping completed.
See MAP report file "mojo_top_0.mrp" for details.

*** Running par
    with args -intstyle pa "mojo_top_0.ncd" -w "mojo_top_0_routed.ncd" -mt on




Constraints file: mojo_top_0.pcf.
Loading device for application Rf_Device from file '6slx9.nph' in environment D:\Programs\Xilinx\14.7\ISE_DS\ISE\.
   "mojo_top_0" is an NCD, version 3.2, device xc6slx9, package tqg144, speed -2

Initializing temperature to 85.000 Celsius. (default - Range: 0.000 to 85.000 Celsius)
Initializing voltage to 1.140 Volts. (default - Range: 1.140 to 1.260 Volts)


Device speed data version:  "PRODUCTION 1.23 2013-10-13".



Device Utilization Summary:

Slice Logic Utilization:
  Number of Slice Registers:                   452 out of  11,440    3%
    Number used as Flip Flops:                 452
    Number used as Latches:                      0
    Number used as Latch-thrus:                  0
    Number used as AND/OR logics:                0
  Number of Slice LUTs:                        885 out of   5,720   15%
    Number used as logic:                      879 out of   5,720   15%
      Number using O6 output only:             633
      Number using O5 output only:             106
      Number using O5 and O6:                  140
      Number used as ROM:                        0
    Number used as Memory:                       0 out of   1,440    0%
    Number used exclusively as route-thrus:      6
      Number with same-slice register load:      2
      Number with same-slice carry load:         4
      Number with other load:                    0

Slice Logic Distribution:
  Number of occupied Slices:                   277 out of   1,430   19%
  Number of MUXCYs used:                       196 out of   2,860    6%
  Number of LUT Flip Flop pairs used:          891
    Number with an unused Flip Flop:           508 out of     891   57%
    Number with an unused LUT:                   6 out of     891    1%
    Number of fully used LUT-FF pairs:         377 out of     891   42%
    Number of slice register sites lost
      to control set restrictions:               0 out of  11,440    0%

  A LUT Flip Flop pair for this architecture represents one LUT paired with
  one Flip Flop within a slice.  A control set is a unique combination of
  clock, reset, set, and enable signals for a registered element.
  The Slice Logic Distribution report is not meaningful if the design is
  over-mapped for a non-slice resource or if Placement fails.

IO Utilization:
  Number of bonded IOBs:                        87 out of     102   85%
    Number of LOCed IOBs:                       75 out of      87   86%

Specific Feature Utilization:
  Number of RAMB16BWERs:                         0 out of      32    0%
  Number of RAMB8BWERs:                          0 out of      64    0%
  Number of BUFIO2/BUFIO2_2CLKs:                 0 out of      32    0%
  Number of BUFIO2FB/BUFIO2FB_2CLKs:             0 out of      32    0%
  Number of BUFG/BUFGMUXs:                       1 out of      16    6%
    Number used as BUFGs:                        1
    Number used as BUFGMUX:                      0
  Number of DCM/DCM_CLKGENs:                     0 out of       4    0%
  Number of ILOGIC2/ISERDES2s:                   0 out of     200    0%
  Number of IODELAY2/IODRP2/IODRP2_MCBs:         0 out of     200    0%
  Number of OLOGIC2/OSERDES2s:                   0 out of     200    0%
  Number of BSCANs:                              0 out of       4    0%
  Number of BUFHs:                               0 out of     128    0%
  Number of BUFPLLs:                             0 out of       8    0%
  Number of BUFPLL_MCBs:                         0 out of       4    0%
  Number of DSP48A1s:                            1 out of      16    6%
  Number of ICAPs:                               0 out of       1    0%
  Number of MCBs:                                0 out of       2    0%
  Number of PCILOGICSEs:                         0 out of       2    0%
  Number of PLL_ADVs:                            0 out of       2    0%
  Number of PMVs:                                0 out of       1    0%
  Number of STARTUPs:                            0 out of       1    0%
  Number of SUSPEND_SYNCs:                       0 out of       1    0%


Overall effort level (-ol):   Standard 
Router effort level (-rl):    High 

PAR will use up to 2 processors
WARNING:Par:288 - The signal io_button(0)_IBUF has no load.  PAR will not attempt to route this signal.
WARNING:Par:288 - The signal io_button(2)_IBUF has no load.  PAR will not attempt to route this signal.
WARNING:Par:288 - The signal io_dip(0)_IBUF has no load.  PAR will not attempt to route this signal.
WARNING:Par:288 - The signal io_dip(1)_IBUF has no load.  PAR will not attempt to route this signal.
WARNING:Par:288 - The signal io_dip(2)_IBUF has no load.  PAR will not attempt to route this signal.
WARNING:Par:288 - The signal io_dip(3)_IBUF has no load.  PAR will not attempt to route this signal.
WARNING:Par:288 - The signal io_dip(4)_IBUF has no load.  PAR will not attempt to route this signal.
WARNING:Par:288 - The signal io_dip(5)_IBUF has no load.  PAR will not attempt to route this signal.
WARNING:Par:288 - The signal io_dip(6)_IBUF has no load.  PAR will not attempt to route this signal.
WARNING:Par:288 - The signal io_dip(7)_IBUF has no load.  PAR will not attempt to route this signal.
WARNING:Par:288 - The signal io_dip(11)_IBUF has no load.  PAR will not attempt to route this signal.
WARNING:Par:288 - The signal io_dip(12)_IBUF has no load.  PAR will not attempt to route this signal.
WARNING:Par:288 - The signal io_dip(20)_IBUF has no load.  PAR will not attempt to route this signal.
WARNING:Par:288 - The signal io_dip(13)_IBUF has no load.  PAR will not attempt to route this signal.
WARNING:Par:288 - The signal io_dip(21)_IBUF has no load.  PAR will not attempt to route this signal.
WARNING:Par:288 - The signal io_dip(14)_IBUF has no load.  PAR will not attempt to route this signal.
WARNING:Par:288 - The signal io_dip(22)_IBUF has no load.  PAR will not attempt to route this signal.
WARNING:Par:288 - The signal io_dip(15)_IBUF has no load.  PAR will not attempt to route this signal.
WARNING:Par:288 - The signal io_dip(23)_IBUF has no load.  PAR will not attempt to route this signal.
WARNING:Par:288 - The signal io_dip(19)_IBUF has no load.  PAR will not attempt to route this signal.
Starting Multi-threaded Router


Phase  1  : 4885 unrouted;      REAL time: 9 secs 

Phase  2  : 4410 unrouted;      REAL time: 9 secs 

Phase  3  : 2433 unrouted;      REAL time: 11 secs 

Phase  4  : 2433 unrouted; (Setup:0, Hold:0, Component Switching Limit:0)     REAL time: 12 secs 

Updating file: mojo_top_0_routed.ncd with current fully routed design.

Phase  5  : 0 unrouted; (Setup:0, Hold:0, Component Switching Limit:0)     REAL time: 14 secs 

Phase  6  : 0 unrouted; (Setup:0, Hold:0, Component Switching Limit:0)     REAL time: 14 secs 

Phase  7  : 0 unrouted; (Setup:0, Hold:0, Component Switching Limit:0)     REAL time: 14 secs 

Phase  8  : 0 unrouted; (Setup:0, Hold:0, Component Switching Limit:0)     REAL time: 14 secs 

Phase  9  : 0 unrouted; (Setup:0, Hold:0, Component Switching Limit:0)     REAL time: 14 secs 

Phase 10  : 0 unrouted; (Setup:0, Hold:0, Component Switching Limit:0)     REAL time: 15 secs 
Total REAL time to Router completion: 15 secs 
Total CPU time to Router completion (all processors): 16 secs 

Generating "PAR" statistics.

**************************
Generating Clock Report
**************************

+---------------------+--------------+------+------+------------+-------------+
|        Clock Net    |   Resource   |Locked|Fanout|Net Skew(ns)|Max Delay(ns)|
+---------------------+--------------+------+------+------------+-------------+
|           clk_BUFGP | BUFGMUX_X2Y11| No   |  125 |  0.116     |  1.507      |
+---------------------+--------------+------+------+------------+-------------+

* Net Skew is the difference between the minimum and maximum routing
only delays for the net. Note this is different from Clock Skew which
is reported in TRCE timing report. Clock Skew is the difference between
the minimum and maximum path delays which includes logic delays.

* The fanout is the number of component pins not the individual BEL loads,
for example SLICE loads not FF loads.

Timing Score: 0 (Setup: 0, Hold: 0, Component Switching Limit: 0)

Asterisk (*) preceding a constraint indicates it was not met.
   This may be due to a setup or hold violation.

----------------------------------------------------------------------------------------------------------
  Constraint                                |    Check    | Worst Case |  Best Case | Timing |   Timing   
                                            |             |    Slack   | Achievable | Errors |    Score   
----------------------------------------------------------------------------------------------------------
  TS_clk = PERIOD TIMEGRP "clk" 50 MHz HIGH | SETUP       |     8.488ns|    11.512ns|       0|           0
   50%                                      | HOLD        |     0.414ns|            |       0|           0
----------------------------------------------------------------------------------------------------------


All constraints were met.


Generating Pad Report.

All signals are completely routed.

WARNING:Par:283 - There are 20 loadless signals in this design. This design will cause Bitgen to issue DRC warnings.

Total REAL time to PAR completion: 16 secs 
Total CPU time to PAR completion (all processors): 17 secs 

Peak Memory Usage:  320 MB

Placer: Placement generated during map.
Routing: Completed - No errors found.
Timing: Completed - No errors found.

Number of error messages: 0
Number of warning messages: 22
Number of info messages: 0

Writing design to file mojo_top_0_routed.ncd



PAR done!

*** Running trce
    with args -intstyle ise -o "mojo_top_0.twr" -v 30 -l 30 "mojo_top_0_routed.ncd" "mojo_top_0.pcf"

Loading device for application Rf_Device from file '6slx9.nph' in environment
D:\Programs\Xilinx\14.7\ISE_DS\ISE\.
   "mojo_top_0" is an NCD, version 3.2, device xc6slx9, package tqg144, speed -2

Analysis completed Wed Dec 04 02:32:33 2019
--------------------------------------------------------------------------------

Generating Report ...

Number of warnings: 0
Total time: 7 secs 

*** Running xdl
    with args -secure -ncd2xdl -nopips "mojo_top_0_routed.ncd" "mojo_top_0_routed.xdl"

Release 14.7 - xdl P.20131013 (nt)
Copyright (c) 1995-2013 Xilinx, Inc.  All rights reserved.

WARNING:XDL:213 - The resulting xdl output will not have LUT equation strings or RAM INIT strings.
Loading device for application Rf_Device from file '6slx9.nph' in environment D:\Programs\Xilinx\14.7\ISE_DS\ISE\.
   "mojo_top_0" is an NCD, version 3.2, device xc6slx9, package tqg144, speed -2
Successfully converted design 'mojo_top_0_routed.ncd' to 'mojo_top_0_routed.xdl'.

*** Running bitgen
    with args "mojo_top_0_routed.ncd" "mojo_top_0.bit" "mojo_top_0.pcf" -g Binary:Yes -g Compress -w -intstyle pa

[Wed Dec 04 02:33:05 2019] impl_1 finished
wait_on_run: Time (s): elapsed = 00:00:25 . Memory (MB): peak = 311.719 ; gain = 0.000
INFO: [Common 17-206] Exiting PlanAhead at Wed Dec 04 02:33:05 2019...
INFO: [Common 17-83] Releasing license: PlanAhead

Finished building project.
